Sep 23 13:37:19 PET kernel: Linux version 6.16.7 (nixbld@localhost) (gcc (GCC) 14.3.0, GNU ld (GNU Binutils) 2.44) #1-NixOS SMP PREEMPT_DYNAMIC Thu Sep 11 15:23:23 UTC 2025
Sep 23 13:37:19 PET kernel: Command line: initrd=\EFI\nixos\zmn8786d26l1ad42jlxalwqdm6g7mcir-initrd-linux-6.16.7-initrd.efi init=/nix/store/xywn3hm2pazlzzf3rkn40p2w63ggqj2h-nixos-system-PET-25.11pre-git/init mmc_core.disable_uhs2=1 mem_sleep_default=deep quiet splash boot.shell_on_fail udev.log_priority=3 rd.systemd.show_status=auto splash loglevel=3 lsm=landlock,yama,bpf nvidia-drm.modeset=1 nvidia-drm.fbdev=1 nvidia.NVreg_PreserveVideoMemoryAllocations=1 nvidia.NVreg_OpenRmEnableUnsupportedGpus=1 vt.default_red=0x2e,0xbf,0xa3,0xeb,0x81,0xb4,0x88,0xe5,0x4c,0xbf,0xa3,0xeb,0x81,0xb4,0x88,0x8f vt.default_grn=0x34,0x61,0xbe,0xcb,0xa1,0x8e,0xc0,0xe9,0x56,0x61,0xbe,0xcb,0xa1,0x8e,0xc0,0xbc vt.default_blu=0x40,0x6a,0x8c,0x8b,0xc1,0xad,0xd0,0xf0,0x6a,0x6a,0x8c,0x8b,0xc1,0xad,0xd0,0xbb
Sep 23 13:37:19 PET kernel: x86/tme: not enabled by BIOS
Sep 23 13:37:19 PET kernel: x86/split lock detection: #AC: crashing the kernel on kernel split_locks and warning on user-space split_locks
Sep 23 13:37:19 PET kernel: BIOS-provided physical RAM map:
Sep 23 13:37:19 PET kernel: BIOS-e820: [mem 0x0000000000000000-0x000000000009dfff] usable
Sep 23 13:37:19 PET kernel: BIOS-e820: [mem 0x000000000009e000-0x000000000009efff] reserved
Sep 23 13:37:19 PET kernel: BIOS-e820: [mem 0x000000000009f000-0x000000000009ffff] usable
Sep 23 13:37:19 PET kernel: BIOS-e820: [mem 0x00000000000a0000-0x00000000000fffff] reserved
Sep 23 13:37:19 PET kernel: BIOS-e820: [mem 0x0000000000100000-0x000000006139bfff] usable
Sep 23 13:37:19 PET kernel: BIOS-e820: [mem 0x000000006139c000-0x0000000065bb8fff] reserved
Sep 23 13:37:19 PET kernel: BIOS-e820: [mem 0x0000000065bb9000-0x0000000065cadfff] ACPI data
Sep 23 13:37:19 PET kernel: BIOS-e820: [mem 0x0000000065cae000-0x0000000065e1dfff] ACPI NVS
Sep 23 13:37:19 PET kernel: BIOS-e820: [mem 0x0000000065e1e000-0x00000000667fefff] reserved
Sep 23 13:37:19 PET kernel: BIOS-e820: [mem 0x00000000667ff000-0x00000000667fffff] usable
Sep 23 13:37:19 PET kernel: BIOS-e820: [mem 0x0000000066800000-0x000000006cffffff] reserved
Sep 23 13:37:19 PET kernel: BIOS-e820: [mem 0x000000006d800000-0x000000006d9fffff] reserved
Sep 23 13:37:19 PET kernel: BIOS-e820: [mem 0x000000006e400000-0x00000000747fffff] reserved
Sep 23 13:37:19 PET kernel: BIOS-e820: [mem 0x00000000c0000000-0x00000000cfffffff] reserved
Sep 23 13:37:19 PET kernel: BIOS-e820: [mem 0x00000000fe000000-0x00000000fe010fff] reserved
Sep 23 13:37:19 PET kernel: BIOS-e820: [mem 0x00000000fec00000-0x00000000fec00fff] reserved
Sep 23 13:37:19 PET kernel: BIOS-e820: [mem 0x00000000fed00000-0x00000000fed00fff] reserved
Sep 23 13:37:19 PET kernel: BIOS-e820: [mem 0x00000000fed20000-0x00000000fed7ffff] reserved
Sep 23 13:37:19 PET kernel: BIOS-e820: [mem 0x00000000fee00000-0x00000000fee00fff] reserved
Sep 23 13:37:19 PET kernel: BIOS-e820: [mem 0x00000000ff000000-0x00000000ffffffff] reserved
Sep 23 13:37:19 PET kernel: BIOS-e820: [mem 0x0000000100000000-0x000000048b7fffff] usable
Sep 23 13:37:19 PET kernel: NX (Execute Disable) protection: active
Sep 23 13:37:19 PET kernel: APIC: Static calls initialized
Sep 23 13:37:19 PET kernel: efi: EFI v2.8 by American Megatrends
Sep 23 13:37:19 PET kernel: efi: ACPI=0x65cad000 ACPI 2.0=0x65cad014 TPMFinalLog=0x65d47000 SMBIOS=0x665c9000 SMBIOS 3.0=0x665c8000 MEMATTR=0x5e7c8018 ESRT=0x5f700398 RNG=0x65be9f18 INITRD=0x5d929f98 TPMEventLog=0x65be7018 
Sep 23 13:37:19 PET kernel: random: crng init done
Sep 23 13:37:19 PET kernel: efi: Remove mem74: MMIO range=[0xc0000000-0xcfffffff] (256MB) from e820 map
Sep 23 13:37:19 PET kernel: e820: remove [mem 0xc0000000-0xcfffffff] reserved
Sep 23 13:37:19 PET kernel: efi: Not removing mem75: MMIO range=[0xfe000000-0xfe010fff] (68KB) from e820 map
Sep 23 13:37:19 PET kernel: efi: Not removing mem76: MMIO range=[0xfec00000-0xfec00fff] (4KB) from e820 map
Sep 23 13:37:19 PET kernel: efi: Not removing mem77: MMIO range=[0xfed00000-0xfed00fff] (4KB) from e820 map
Sep 23 13:37:19 PET kernel: efi: Not removing mem79: MMIO range=[0xfee00000-0xfee00fff] (4KB) from e820 map
Sep 23 13:37:19 PET kernel: efi: Remove mem80: MMIO range=[0xff000000-0xffffffff] (16MB) from e820 map
Sep 23 13:37:19 PET kernel: e820: remove [mem 0xff000000-0xffffffff] reserved
Sep 23 13:37:19 PET kernel: SMBIOS 3.4.0 present.
Sep 23 13:37:19 PET kernel: DMI: ASUSTeK COMPUTER INC. ROG Flow Z13 GZ301ZE_GZ301ZE/GZ301ZE, BIOS GZ301ZE.320 01/17/2025
Sep 23 13:37:19 PET kernel: DMI: Memory slots populated: 8/8
Sep 23 13:37:19 PET kernel: tsc: Detected 2900.000 MHz processor
Sep 23 13:37:19 PET kernel: tsc: Detected 2918.400 MHz TSC
Sep 23 13:37:19 PET kernel: [Firmware Bug]: TSC ADJUST: CPU0: -851946763 force to 0
Sep 23 13:37:19 PET kernel: e820: update [mem 0x00000000-0x00000fff] usable ==> reserved
Sep 23 13:37:19 PET kernel: e820: remove [mem 0x000a0000-0x000fffff] usable
Sep 23 13:37:19 PET kernel: last_pfn = 0x48b800 max_arch_pfn = 0x400000000
Sep 23 13:37:19 PET kernel: MTRR map: 6 entries (3 fixed + 3 variable; max 23), built from 10 variable MTRRs
Sep 23 13:37:19 PET kernel: x86/PAT: Configuration [0-7]: WB  WC  UC- UC  WB  WP  UC- WT  
Sep 23 13:37:19 PET kernel: e820: update [mem 0x70000000-0xffffffff] usable ==> reserved
Sep 23 13:37:19 PET kernel: last_pfn = 0x66800 max_arch_pfn = 0x400000000
Sep 23 13:37:19 PET kernel: esrt: Reserving ESRT space from 0x000000005f700398 to 0x000000005f7003f8.
Sep 23 13:37:19 PET kernel: e820: update [mem 0x5f700000-0x5f700fff] usable ==> reserved
Sep 23 13:37:19 PET kernel: Using GB pages for direct mapping
Sep 23 13:37:19 PET kernel: Secure boot disabled
Sep 23 13:37:19 PET kernel: RAMDISK: [mem 0x56d3b000-0x58bfdfff]
Sep 23 13:37:19 PET kernel: ACPI: Early table checksum verification disabled
Sep 23 13:37:19 PET kernel: ACPI: RSDP 0x0000000065CAD014 000024 (v02 _ASUS_)
Sep 23 13:37:19 PET kernel: ACPI: XSDT 0x0000000065CAC728 000134 (v01 _ASUS_ Notebook 01072009 AMI  01000013)
Sep 23 13:37:19 PET kernel: ACPI: FACP 0x0000000065CA6000 000114 (v06 _ASUS_ Notebook 01072009 AMI  01000013)
Sep 23 13:37:19 PET kernel: ACPI: DSDT 0x0000000065C35000 070A5E (v02 _ASUS_ Notebook 01072009 INTL 20200717)
Sep 23 13:37:19 PET kernel: ACPI: FACS 0x0000000065E1B000 000040
Sep 23 13:37:19 PET kernel: ACPI: SSDT 0x0000000065CA7000 004D44 (v02 DptfTa DptfTabl 00001000 INTL 20200717)
Sep 23 13:37:19 PET kernel: ACPI: FIDT 0x0000000065C34000 00009C (v01 _ASUS_ Notebook 01072009 AMI  00010013)
Sep 23 13:37:19 PET kernel: ACPI: ECDT 0x0000000065C33000 0000C1 (v01 _ASUS_ Notebook 01072009 AMI. 00000005)
Sep 23 13:37:19 PET kernel: ACPI: MSDM 0x0000000065C32000 000055 (v03 _ASUS_ Notebook 01072009 ASUS 00000001)
Sep 23 13:37:19 PET kernel: ACPI: SSDT 0x0000000065C31000 00038C (v02 PmaxDv Pmax_Dev 00000001 INTL 20200717)
Sep 23 13:37:19 PET kernel: ACPI: SSDT 0x0000000065C2B000 005D0B (v02 CpuRef CpuSsdt  00003000 INTL 20200717)
Sep 23 13:37:19 PET kernel: ACPI: SSDT 0x0000000065C28000 002AA1 (v02 SaSsdt SaSsdt   00003000 INTL 20200717)
Sep 23 13:37:19 PET kernel: ACPI: SSDT 0x0000000065C24000 0033D3 (v02 INTEL  IgfxSsdt 00003000 INTL 20200717)
Sep 23 13:37:19 PET kernel: ACPI: SSDT 0x0000000065C16000 00D39F (v02 INTEL  TcssSsdt 00001000 INTL 20200717)
Sep 23 13:37:19 PET kernel: ACPI: HPET 0x0000000065C15000 000038 (v01 _ASUS_ Notebook 01072009 AMI  01000013)
Sep 23 13:37:19 PET kernel: ACPI: APIC 0x0000000065C14000 0001DC (v05 _ASUS_ Notebook 01072009 AMI  01000013)
Sep 23 13:37:19 PET kernel: ACPI: MCFG 0x0000000065C13000 00003C (v01 _ASUS_ Notebook 01072009 AMI  01000013)
Sep 23 13:37:19 PET kernel: ACPI: SSDT 0x0000000065C12000 0002A5 (v02 _ASUS_ TcssSsdt 00000000 INTL 20200717)
Sep 23 13:37:19 PET kernel: ACPI: SSDT 0x0000000065C06000 00B061 (v02 _ASUS_ AdlP_Rvp 00001000 INTL 20200717)
Sep 23 13:37:19 PET kernel: ACPI: NHLT 0x0000000065C05000 0002F1 (v00 _ASUS_ Notebook 01072009 AMI  01000013)
Sep 23 13:37:19 PET kernel: ACPI: LPIT 0x0000000065C04000 0000CC (v01 _ASUS_ Notebook 01072009 AMI  01000013)
Sep 23 13:37:19 PET kernel: ACPI: SSDT 0x0000000065C00000 002357 (v02 _ASUS_ TbtTypeC 00000000 INTL 20200717)
Sep 23 13:37:19 PET kernel: ACPI: DBGP 0x0000000065BFF000 000034 (v01 _ASUS_ Notebook 01072009 AMI  01000013)
Sep 23 13:37:19 PET kernel: ACPI: DBG2 0x0000000065BFE000 000054 (v00 _ASUS_ Notebook 01072009 AMI  01000013)
Sep 23 13:37:19 PET kernel: ACPI: SSDT 0x0000000065BFD000 000D89 (v02 _ASUS_ UsbCTabl 00001000 INTL 20200717)
Sep 23 13:37:19 PET kernel: ACPI: DMAR 0x0000000065BFC000 000088 (v02 INTEL  EDK2     00000002      01000013)
Sep 23 13:37:19 PET kernel: ACPI: SSDT 0x0000000065BF8000 003AEA (v02 SocGpe SocGpe   00003000 INTL 20200717)
Sep 23 13:37:19 PET kernel: ACPI: SSDT 0x0000000065BF4000 0035A2 (v02 SocCmn SocCmn   00003000 INTL 20200717)
Sep 23 13:37:19 PET kernel: ACPI: SSDT 0x0000000065BF3000 0004A7 (v02 HgRef  HgRpSsdt 00001000 INTL 20200717)
Sep 23 13:37:19 PET kernel: ACPI: SSDT 0x0000000065BF2000 000144 (v02 Intel  ADebTabl 00001000 INTL 20200717)
Sep 23 13:37:19 PET kernel: ACPI: BGRT 0x0000000065BF1000 000038 (v01 _ASUS_ Notebook 01072009 AMI  00010013)
Sep 23 13:37:19 PET kernel: ACPI: UEFI 0x0000000065D29000 00063A (v01 INTEL  RstVmdE  00000000 INTL 00000000)
Sep 23 13:37:19 PET kernel: ACPI: UEFI 0x0000000065D28000 00005C (v01 INTEL  RstVmdV  00000000 INTL 00000000)
Sep 23 13:37:19 PET kernel: ACPI: TPM2 0x0000000065BF0000 00004C (v04 _ASUS_ Notebook 00000001 AMI  00000000)
Sep 23 13:37:19 PET kernel: ACPI: SSDT 0x0000000065BEC000 0033E3 (v01 OptRf2 Opt2Tabl 00001000 INTL 20200717)
Sep 23 13:37:19 PET kernel: ACPI: PHAT 0x0000000065BEB000 0005CD (v01 _ASUS_ Notebook 00000005 MSFT 0100000D)
Sep 23 13:37:19 PET kernel: ACPI: WSMT 0x0000000065C03000 000028 (v01 _ASUS_ Notebook 01072009 AMI  00010013)
Sep 23 13:37:19 PET kernel: ACPI: FPDT 0x0000000065BEA000 000044 (v01 _ASUS_ A M I    01072009 AMI  01000013)
Sep 23 13:37:19 PET kernel: ACPI: Reserving FACP table memory at [mem 0x65ca6000-0x65ca6113]
Sep 23 13:37:19 PET kernel: ACPI: Reserving DSDT table memory at [mem 0x65c35000-0x65ca5a5d]
Sep 23 13:37:19 PET kernel: ACPI: Reserving FACS table memory at [mem 0x65e1b000-0x65e1b03f]
Sep 23 13:37:19 PET kernel: ACPI: Reserving SSDT table memory at [mem 0x65ca7000-0x65cabd43]
Sep 23 13:37:19 PET kernel: ACPI: Reserving FIDT table memory at [mem 0x65c34000-0x65c3409b]
Sep 23 13:37:19 PET kernel: ACPI: Reserving ECDT table memory at [mem 0x65c33000-0x65c330c0]
Sep 23 13:37:19 PET kernel: ACPI: Reserving MSDM table memory at [mem 0x65c32000-0x65c32054]
Sep 23 13:37:19 PET kernel: ACPI: Reserving SSDT table memory at [mem 0x65c31000-0x65c3138b]
Sep 23 13:37:19 PET kernel: ACPI: Reserving SSDT table memory at [mem 0x65c2b000-0x65c30d0a]
Sep 23 13:37:19 PET kernel: ACPI: Reserving SSDT table memory at [mem 0x65c28000-0x65c2aaa0]
Sep 23 13:37:19 PET kernel: ACPI: Reserving SSDT table memory at [mem 0x65c24000-0x65c273d2]
Sep 23 13:37:19 PET kernel: ACPI: Reserving SSDT table memory at [mem 0x65c16000-0x65c2339e]
Sep 23 13:37:19 PET kernel: ACPI: Reserving HPET table memory at [mem 0x65c15000-0x65c15037]
Sep 23 13:37:19 PET kernel: ACPI: Reserving APIC table memory at [mem 0x65c14000-0x65c141db]
Sep 23 13:37:19 PET kernel: ACPI: Reserving MCFG table memory at [mem 0x65c13000-0x65c1303b]
Sep 23 13:37:19 PET kernel: ACPI: Reserving SSDT table memory at [mem 0x65c12000-0x65c122a4]
Sep 23 13:37:19 PET kernel: ACPI: Reserving SSDT table memory at [mem 0x65c06000-0x65c11060]
Sep 23 13:37:19 PET kernel: ACPI: Reserving NHLT table memory at [mem 0x65c05000-0x65c052f0]
Sep 23 13:37:19 PET kernel: ACPI: Reserving LPIT table memory at [mem 0x65c04000-0x65c040cb]
Sep 23 13:37:19 PET kernel: ACPI: Reserving SSDT table memory at [mem 0x65c00000-0x65c02356]
Sep 23 13:37:19 PET kernel: ACPI: Reserving DBGP table memory at [mem 0x65bff000-0x65bff033]
Sep 23 13:37:19 PET kernel: ACPI: Reserving DBG2 table memory at [mem 0x65bfe000-0x65bfe053]
Sep 23 13:37:19 PET kernel: ACPI: Reserving SSDT table memory at [mem 0x65bfd000-0x65bfdd88]
Sep 23 13:37:19 PET kernel: ACPI: Reserving DMAR table memory at [mem 0x65bfc000-0x65bfc087]
Sep 23 13:37:19 PET kernel: ACPI: Reserving SSDT table memory at [mem 0x65bf8000-0x65bfbae9]
Sep 23 13:37:19 PET kernel: ACPI: Reserving SSDT table memory at [mem 0x65bf4000-0x65bf75a1]
Sep 23 13:37:19 PET kernel: ACPI: Reserving SSDT table memory at [mem 0x65bf3000-0x65bf34a6]
Sep 23 13:37:19 PET kernel: ACPI: Reserving SSDT table memory at [mem 0x65bf2000-0x65bf2143]
Sep 23 13:37:19 PET kernel: ACPI: Reserving BGRT table memory at [mem 0x65bf1000-0x65bf1037]
Sep 23 13:37:19 PET kernel: ACPI: Reserving UEFI table memory at [mem 0x65d29000-0x65d29639]
Sep 23 13:37:19 PET kernel: ACPI: Reserving UEFI table memory at [mem 0x65d28000-0x65d2805b]
Sep 23 13:37:19 PET kernel: ACPI: Reserving TPM2 table memory at [mem 0x65bf0000-0x65bf004b]
Sep 23 13:37:19 PET kernel: ACPI: Reserving SSDT table memory at [mem 0x65bec000-0x65bef3e2]
Sep 23 13:37:19 PET kernel: ACPI: Reserving PHAT table memory at [mem 0x65beb000-0x65beb5cc]
Sep 23 13:37:19 PET kernel: ACPI: Reserving WSMT table memory at [mem 0x65c03000-0x65c03027]
Sep 23 13:37:19 PET kernel: ACPI: Reserving FPDT table memory at [mem 0x65bea000-0x65bea043]
Sep 23 13:37:19 PET kernel: No NUMA configuration found
Sep 23 13:37:19 PET kernel: Faking a node at [mem 0x0000000000000000-0x000000048b7fffff]
Sep 23 13:37:19 PET kernel: NODE_DATA(0) allocated [mem 0x48b7fa740-0x48b7ffcbf]
Sep 23 13:37:19 PET kernel: Zone ranges:
Sep 23 13:37:19 PET kernel:   DMA      [mem 0x0000000000001000-0x0000000000ffffff]
Sep 23 13:37:19 PET kernel:   DMA32    [mem 0x0000000001000000-0x00000000ffffffff]
Sep 23 13:37:19 PET kernel:   Normal   [mem 0x0000000100000000-0x000000048b7fffff]
Sep 23 13:37:19 PET kernel:   Device   empty
Sep 23 13:37:19 PET kernel: Movable zone start for each node
Sep 23 13:37:19 PET kernel: Early memory node ranges
Sep 23 13:37:19 PET kernel:   node   0: [mem 0x0000000000001000-0x000000000009dfff]
Sep 23 13:37:19 PET kernel:   node   0: [mem 0x000000000009f000-0x000000000009ffff]
Sep 23 13:37:19 PET kernel:   node   0: [mem 0x0000000000100000-0x000000006139bfff]
Sep 23 13:37:19 PET kernel:   node   0: [mem 0x00000000667ff000-0x00000000667fffff]
Sep 23 13:37:19 PET kernel:   node   0: [mem 0x0000000100000000-0x000000048b7fffff]
Sep 23 13:37:19 PET kernel: Initmem setup node 0 [mem 0x0000000000001000-0x000000048b7fffff]
Sep 23 13:37:19 PET kernel: On node 0, zone DMA: 1 pages in unavailable ranges
Sep 23 13:37:19 PET kernel: On node 0, zone DMA: 1 pages in unavailable ranges
Sep 23 13:37:19 PET kernel: On node 0, zone DMA: 96 pages in unavailable ranges
Sep 23 13:37:19 PET kernel: On node 0, zone DMA32: 21603 pages in unavailable ranges
Sep 23 13:37:19 PET kernel: On node 0, zone Normal: 6144 pages in unavailable ranges
Sep 23 13:37:19 PET kernel: On node 0, zone Normal: 18432 pages in unavailable ranges
Sep 23 13:37:19 PET kernel: Reserving Intel graphics memory at [mem 0x70800000-0x747fffff]
Sep 23 13:37:19 PET kernel: ACPI: PM-Timer IO Port: 0x1808
Sep 23 13:37:19 PET kernel: ACPI: LAPIC_NMI (acpi_id[0x01] high edge lint[0x1])
Sep 23 13:37:19 PET kernel: ACPI: LAPIC_NMI (acpi_id[0x02] high edge lint[0x1])
Sep 23 13:37:19 PET kernel: ACPI: LAPIC_NMI (acpi_id[0x03] high edge lint[0x1])
Sep 23 13:37:19 PET kernel: ACPI: LAPIC_NMI (acpi_id[0x04] high edge lint[0x1])
Sep 23 13:37:19 PET kernel: ACPI: LAPIC_NMI (acpi_id[0x05] high edge lint[0x1])
Sep 23 13:37:19 PET kernel: ACPI: LAPIC_NMI (acpi_id[0x06] high edge lint[0x1])
Sep 23 13:37:19 PET kernel: ACPI: LAPIC_NMI (acpi_id[0x07] high edge lint[0x1])
Sep 23 13:37:19 PET kernel: ACPI: LAPIC_NMI (acpi_id[0x08] high edge lint[0x1])
Sep 23 13:37:19 PET kernel: ACPI: LAPIC_NMI (acpi_id[0x09] high edge lint[0x1])
Sep 23 13:37:19 PET kernel: ACPI: LAPIC_NMI (acpi_id[0x0a] high edge lint[0x1])
Sep 23 13:37:19 PET kernel: ACPI: LAPIC_NMI (acpi_id[0x0b] high edge lint[0x1])
Sep 23 13:37:19 PET kernel: ACPI: LAPIC_NMI (acpi_id[0x0c] high edge lint[0x1])
Sep 23 13:37:19 PET kernel: ACPI: LAPIC_NMI (acpi_id[0x0d] high edge lint[0x1])
Sep 23 13:37:19 PET kernel: ACPI: LAPIC_NMI (acpi_id[0x0e] high edge lint[0x1])
Sep 23 13:37:19 PET kernel: ACPI: LAPIC_NMI (acpi_id[0x0f] high edge lint[0x1])
Sep 23 13:37:19 PET kernel: ACPI: LAPIC_NMI (acpi_id[0x10] high edge lint[0x1])
Sep 23 13:37:19 PET kernel: ACPI: LAPIC_NMI (acpi_id[0x11] high edge lint[0x1])
Sep 23 13:37:19 PET kernel: ACPI: LAPIC_NMI (acpi_id[0x12] high edge lint[0x1])
Sep 23 13:37:19 PET kernel: ACPI: LAPIC_NMI (acpi_id[0x13] high edge lint[0x1])
Sep 23 13:37:19 PET kernel: ACPI: LAPIC_NMI (acpi_id[0x14] high edge lint[0x1])
Sep 23 13:37:19 PET kernel: ACPI: LAPIC_NMI (acpi_id[0x15] high edge lint[0x1])
Sep 23 13:37:19 PET kernel: ACPI: LAPIC_NMI (acpi_id[0x16] high edge lint[0x1])
Sep 23 13:37:19 PET kernel: ACPI: LAPIC_NMI (acpi_id[0x17] high edge lint[0x1])
Sep 23 13:37:19 PET kernel: ACPI: LAPIC_NMI (acpi_id[0x00] high edge lint[0x1])
Sep 23 13:37:19 PET kernel: IOAPIC[0]: apic_id 2, version 32, address 0xfec00000, GSI 0-119
Sep 23 13:37:19 PET kernel: ACPI: INT_SRC_OVR (bus 0 bus_irq 0 global_irq 2 dfl dfl)
Sep 23 13:37:19 PET kernel: ACPI: INT_SRC_OVR (bus 0 bus_irq 9 global_irq 9 high level)
Sep 23 13:37:19 PET kernel: ACPI: Using ACPI (MADT) for SMP configuration information
Sep 23 13:37:19 PET kernel: ACPI: HPET id: 0x8086a201 base: 0xfed00000
Sep 23 13:37:19 PET kernel: e820: update [mem 0x5e855000-0x5e8b3fff] usable ==> reserved
Sep 23 13:37:19 PET kernel: TSC deadline timer available
Sep 23 13:37:19 PET kernel: CPU topo: Max. logical packages:   1
Sep 23 13:37:19 PET kernel: CPU topo: Max. logical dies:       1
Sep 23 13:37:19 PET kernel: CPU topo: Max. dies per package:   1
Sep 23 13:37:19 PET kernel: CPU topo: Max. threads per core:   2
Sep 23 13:37:19 PET kernel: CPU topo: Num. cores per package:    14
Sep 23 13:37:19 PET kernel: CPU topo: Num. threads per package:  20
Sep 23 13:37:19 PET kernel: CPU topo: Allowing 20 present CPUs plus 0 hotplug CPUs
Sep 23 13:37:19 PET kernel: PM: hibernation: Registered nosave memory: [mem 0x00000000-0x00000fff]
Sep 23 13:37:19 PET kernel: PM: hibernation: Registered nosave memory: [mem 0x0009e000-0x0009efff]
Sep 23 13:37:19 PET kernel: PM: hibernation: Registered nosave memory: [mem 0x000a0000-0x000fffff]
Sep 23 13:37:19 PET kernel: PM: hibernation: Registered nosave memory: [mem 0x5e855000-0x5e8b3fff]
Sep 23 13:37:19 PET kernel: PM: hibernation: Registered nosave memory: [mem 0x5f700000-0x5f700fff]
Sep 23 13:37:19 PET kernel: PM: hibernation: Registered nosave memory: [mem 0x6139c000-0x667fefff]
Sep 23 13:37:19 PET kernel: PM: hibernation: Registered nosave memory: [mem 0x66800000-0xffffffff]
Sep 23 13:37:19 PET kernel: [mem 0x74800000-0xfdffffff] available for PCI devices
Sep 23 13:37:19 PET kernel: Booting paravirtualized kernel on bare hardware
Sep 23 13:37:19 PET kernel: clocksource: refined-jiffies: mask: 0xffffffff max_cycles: 0xffffffff, max_idle_ns: 1910969940391419 ns
Sep 23 13:37:19 PET kernel: setup_percpu: NR_CPUS:384 nr_cpumask_bits:20 nr_cpu_ids:20 nr_node_ids:1
Sep 23 13:37:19 PET kernel: percpu: Embedded 97 pages/cpu s274432 r8192 d114688 u524288
Sep 23 13:37:19 PET kernel: pcpu-alloc: s274432 r8192 d114688 u524288 alloc=1*2097152
Sep 23 13:37:19 PET kernel: pcpu-alloc: [0] 00 01 02 03 [0] 04 05 06 07 
Sep 23 13:37:19 PET kernel: pcpu-alloc: [0] 08 09 10 11 [0] 12 13 14 15 
Sep 23 13:37:19 PET kernel: pcpu-alloc: [0] 16 17 18 19 
Sep 23 13:37:19 PET kernel: Kernel command line: initrd=\EFI\nixos\zmn8786d26l1ad42jlxalwqdm6g7mcir-initrd-linux-6.16.7-initrd.efi init=/nix/store/xywn3hm2pazlzzf3rkn40p2w63ggqj2h-nixos-system-PET-25.11pre-git/init mmc_core.disable_uhs2=1 mem_sleep_default=deep quiet splash boot.shell_on_fail udev.log_priority=3 rd.systemd.show_status=auto splash loglevel=3 lsm=landlock,yama,bpf nvidia-drm.modeset=1 nvidia-drm.fbdev=1 nvidia.NVreg_PreserveVideoMemoryAllocations=1 nvidia.NVreg_OpenRmEnableUnsupportedGpus=1 vt.default_red=0x2e,0xbf,0xa3,0xeb,0x81,0xb4,0x88,0xe5,0x4c,0xbf,0xa3,0xeb,0x81,0xb4,0x88,0x8f vt.default_grn=0x34,0x61,0xbe,0xcb,0xa1,0x8e,0xc0,0xe9,0x56,0x61,0xbe,0xcb,0xa1,0x8e,0xc0,0xbc vt.default_blu=0x40,0x6a,0x8c,0x8b,0xc1,0xad,0xd0,0xf0,0x6a,0x6a,0x8c,0x8b,0xc1,0xad,0xd0,0xbb
Sep 23 13:37:19 PET kernel: Unknown kernel command line parameters "splash splash", will be passed to user space.
Sep 23 13:37:19 PET kernel: printk: log buffer data + meta data: 262144 + 917504 = 1179648 bytes
Sep 23 13:37:19 PET kernel: Dentry cache hash table entries: 2097152 (order: 12, 16777216 bytes, linear)
Sep 23 13:37:19 PET kernel: Inode-cache hash table entries: 1048576 (order: 11, 8388608 bytes, linear)
Sep 23 13:37:19 PET kernel: software IO TLB: area num 32.
Sep 23 13:37:19 PET kernel: Fallback order for Node 0: 0 
Sep 23 13:37:19 PET kernel: Built 1 zonelists, mobility grouping on.  Total pages: 4115259
Sep 23 13:37:19 PET kernel: Policy zone: Normal
Sep 23 13:37:19 PET kernel: mem auto-init: stack:all(zero), heap alloc:on, heap free:off
Sep 23 13:37:19 PET kernel: SLUB: HWalign=64, Order=0-3, MinObjects=0, CPUs=20, Nodes=1
Sep 23 13:37:19 PET kernel: allocated 33292288 bytes of page_ext
Sep 23 13:37:19 PET kernel: ftrace: allocating 46850 entries in 184 pages
Sep 23 13:37:19 PET kernel: ftrace: allocated 184 pages with 4 groups
Sep 23 13:37:19 PET kernel: Dynamic Preempt: voluntary
Sep 23 13:37:19 PET kernel: rcu: Preemptible hierarchical RCU implementation.
Sep 23 13:37:19 PET kernel: rcu:         RCU event tracing is enabled.
Sep 23 13:37:19 PET kernel: rcu:         RCU restricting CPUs from NR_CPUS=384 to nr_cpu_ids=20.
Sep 23 13:37:19 PET kernel:         Trampoline variant of Tasks RCU enabled.
Sep 23 13:37:19 PET kernel:         Rude variant of Tasks RCU enabled.
Sep 23 13:37:19 PET kernel:         Tracing variant of Tasks RCU enabled.
Sep 23 13:37:19 PET kernel: rcu: RCU calculated value of scheduler-enlistment delay is 100 jiffies.
Sep 23 13:37:19 PET kernel: rcu: Adjusting geometry for rcu_fanout_leaf=16, nr_cpu_ids=20
Sep 23 13:37:19 PET kernel: RCU Tasks: Setting shift to 5 and lim to 1 rcu_task_cb_adjust=1 rcu_task_cpu_ids=20.
Sep 23 13:37:19 PET kernel: RCU Tasks Rude: Setting shift to 5 and lim to 1 rcu_task_cb_adjust=1 rcu_task_cpu_ids=20.
Sep 23 13:37:19 PET kernel: RCU Tasks Trace: Setting shift to 5 and lim to 1 rcu_task_cb_adjust=1 rcu_task_cpu_ids=20.
Sep 23 13:37:19 PET kernel: NR_IRQS: 24832, nr_irqs: 2216, preallocated irqs: 16
Sep 23 13:37:19 PET kernel: rcu: srcu_init: Setting srcu_struct sizes based on contention.
Sep 23 13:37:19 PET kernel: kfence: initialized - using 2097152 bytes for 255 objects at 0x(____ptrval____)-0x(____ptrval____)
Sep 23 13:37:19 PET kernel: Console: colour dummy device 80x25
Sep 23 13:37:19 PET kernel: printk: legacy console [tty0] enabled
Sep 23 13:37:19 PET kernel: ACPI: Core revision 20250404
Sep 23 13:37:19 PET kernel: hpet: HPET dysfunctional in PC10. Force disabled.
Sep 23 13:37:19 PET kernel: APIC: Switch to symmetric I/O mode setup
Sep 23 13:37:19 PET kernel: DMAR: Host address width 39
Sep 23 13:37:19 PET kernel: DMAR: DRHD base: 0x000000fed90000 flags: 0x0
Sep 23 13:37:19 PET kernel: DMAR: dmar0: reg_base_addr fed90000 ver 4:0 cap 1c0000c40660462 ecap 29a00f0505e
Sep 23 13:37:19 PET kernel: DMAR: DRHD base: 0x000000fed91000 flags: 0x1
Sep 23 13:37:19 PET kernel: DMAR: dmar1: reg_base_addr fed91000 ver 5:0 cap d2008c40660462 ecap f050da
Sep 23 13:37:19 PET kernel: DMAR: RMRR base: 0x00000070000000 end: 0x000000747fffff
Sep 23 13:37:19 PET kernel: DMAR-IR: IOAPIC id 2 under DRHD base  0xfed91000 IOMMU 1
Sep 23 13:37:19 PET kernel: DMAR-IR: HPET id 0 under DRHD base 0xfed91000
Sep 23 13:37:19 PET kernel: DMAR-IR: Queued invalidation will be enabled to support x2apic and Intr-remapping.
Sep 23 13:37:19 PET kernel: DMAR-IR: Enabled IRQ remapping in x2apic mode
Sep 23 13:37:19 PET kernel: x2apic enabled
Sep 23 13:37:19 PET kernel: APIC: Switched APIC routing to: cluster x2apic
Sep 23 13:37:19 PET kernel: clocksource: tsc-early: mask: 0xffffffffffffffff max_cycles: 0x2a11290c0c8, max_idle_ns: 440795344938 ns
Sep 23 13:37:19 PET kernel: Calibrating delay loop (skipped), value calculated using timer frequency.. 5836.80 BogoMIPS (lpj=2918400)
Sep 23 13:37:19 PET kernel: CPU0: Thermal monitoring enabled (TM1)
Sep 23 13:37:19 PET kernel: x86/cpu: User Mode Instruction Prevention (UMIP) activated
Sep 23 13:37:19 PET kernel: CET detected: Indirect Branch Tracking enabled
Sep 23 13:37:19 PET kernel: Last level iTLB entries: 4KB 0, 2MB 0, 4MB 0
Sep 23 13:37:19 PET kernel: Last level dTLB entries: 4KB 0, 2MB 0, 4MB 0, 1GB 0
Sep 23 13:37:19 PET kernel: process: using mwait in idle threads
Sep 23 13:37:19 PET kernel: Speculative Store Bypass: Mitigation: Speculative Store Bypass disabled via prctl
Sep 23 13:37:19 PET kernel: Spectre V2 : Mitigation: Enhanced / Automatic IBRS
Sep 23 13:37:19 PET kernel: Register File Data Sampling: Mitigation: Clear Register File
Sep 23 13:37:19 PET kernel: VMSCAPE: Mitigation: IBPB before exit to userspace
Sep 23 13:37:19 PET kernel: Spectre V1 : Mitigation: usercopy/swapgs barriers and __user pointer sanitization
Sep 23 13:37:19 PET kernel: Spectre V2 : Spectre v2 / PBRSB-eIBRS: Retire a single CALL on VMEXIT
Sep 23 13:37:19 PET kernel: Spectre V2 : mitigation: Enabling conditional Indirect Branch Prediction Barrier
Sep 23 13:37:19 PET kernel: x86/fpu: Supporting XSAVE feature 0x001: 'x87 floating point registers'
Sep 23 13:37:19 PET kernel: x86/fpu: Supporting XSAVE feature 0x002: 'SSE registers'
Sep 23 13:37:19 PET kernel: x86/fpu: Supporting XSAVE feature 0x004: 'AVX registers'
Sep 23 13:37:19 PET kernel: x86/fpu: Supporting XSAVE feature 0x200: 'Protection Keys User registers'
Sep 23 13:37:19 PET kernel: x86/fpu: Supporting XSAVE feature 0x800: 'Control-flow User registers'
Sep 23 13:37:19 PET kernel: x86/fpu: xstate_offset[2]:  576, xstate_sizes[2]:  256
Sep 23 13:37:19 PET kernel: x86/fpu: xstate_offset[9]:  832, xstate_sizes[9]:    8
Sep 23 13:37:19 PET kernel: x86/fpu: xstate_offset[11]:  840, xstate_sizes[11]:   16
Sep 23 13:37:19 PET kernel: x86/fpu: Enabled xstate features 0xa07, context size is 856 bytes, using 'compacted' format.
Sep 23 13:37:19 PET kernel: Freeing SMP alternatives memory: 44K
Sep 23 13:37:19 PET kernel: pid_max: default: 32768 minimum: 301
Sep 23 13:37:19 PET kernel: LSM: initializing lsm=capability,landlock,yama,bpf
Sep 23 13:37:19 PET kernel: landlock: Up and running.
Sep 23 13:37:19 PET kernel: Yama: becoming mindful.
Sep 23 13:37:19 PET kernel: LSM support for eBPF active
Sep 23 13:37:19 PET kernel: Mount-cache hash table entries: 32768 (order: 6, 262144 bytes, linear)
Sep 23 13:37:19 PET kernel: Mountpoint-cache hash table entries: 32768 (order: 6, 262144 bytes, linear)
Sep 23 13:37:19 PET kernel: smpboot: CPU0: 12th Gen Intel(R) Core(TM) i9-12900H (family: 0x6, model: 0x9a, stepping: 0x3)
Sep 23 13:37:19 PET kernel: Performance Events: XSAVE Architectural LBR, PEBS fmt4+-baseline,  AnyThread deprecated, Alderlake Hybrid events, 32-deep LBR, full-width counters, Intel PMU driver.
Sep 23 13:37:19 PET kernel: core: cpu_core PMU driver: 
Sep 23 13:37:19 PET kernel: ... version:                5
Sep 23 13:37:19 PET kernel: ... bit width:              48
Sep 23 13:37:19 PET kernel: ... generic registers:      8
Sep 23 13:37:19 PET kernel: ... value mask:             0000ffffffffffff
Sep 23 13:37:19 PET kernel: ... max period:             00007fffffffffff
Sep 23 13:37:19 PET kernel: ... fixed-purpose events:   4
Sep 23 13:37:19 PET kernel: ... event mask:             0001000f000000ff
Sep 23 13:37:19 PET kernel: signal: max sigframe size: 3632
Sep 23 13:37:19 PET kernel: Estimated ratio of average max frequency by base frequency (times 1024): 1624
Sep 23 13:37:19 PET kernel: rcu: Hierarchical SRCU implementation.
Sep 23 13:37:19 PET kernel: rcu:         Max phase no-delay instances is 400.
Sep 23 13:37:19 PET kernel: Timer migration: 2 hierarchy levels; 8 children per group; 2 crossnode level
Sep 23 13:37:19 PET kernel: NMI watchdog: Enabled. Permanently consumes one hw-PMU counter.
Sep 23 13:37:19 PET kernel: smp: Bringing up secondary CPUs ...
Sep 23 13:37:19 PET kernel: smpboot: x86: Booting SMP configuration:
Sep 23 13:37:19 PET kernel: .... node  #0, CPUs:        #2  #4  #6  #8 #10 #12 #13 #14 #15 #16 #17 #18 #19
Sep 23 13:37:19 PET kernel: [Firmware Bug]: TSC ADJUST differs within socket(s), fixing all errors
Sep 23 13:37:19 PET kernel: core: cpu_atom PMU driver: 
Sep 23 13:37:19 PET kernel: ... version:                5
Sep 23 13:37:19 PET kernel: ... bit width:              48
Sep 23 13:37:19 PET kernel: ... generic registers:      6
Sep 23 13:37:19 PET kernel: ... value mask:             0000ffffffffffff
Sep 23 13:37:19 PET kernel: ... max period:             00007fffffffffff
Sep 23 13:37:19 PET kernel: ... fixed-purpose events:   3
Sep 23 13:37:19 PET kernel: ... event mask:             000000070000003f
Sep 23 13:37:19 PET kernel:   #1  #3  #5  #7  #9 #11
Sep 23 13:37:19 PET kernel: smp: Brought up 1 node, 20 CPUs
Sep 23 13:37:19 PET kernel: smpboot: Total of 20 processors activated (116736.00 BogoMIPS)
Sep 23 13:37:19 PET kernel: Memory: 15951988K/16461036K available (16385K kernel code, 2669K rwdata, 13552K rodata, 3528K init, 3068K bss, 441152K reserved, 0K cma-reserved)
Sep 23 13:37:19 PET kernel: devtmpfs: initialized
Sep 23 13:37:19 PET kernel: x86/mm: Memory block size: 128MB
Sep 23 13:37:19 PET kernel: ACPI: PM: Registering ACPI NVS region [mem 0x65cae000-0x65e1dfff] (1507328 bytes)
Sep 23 13:37:19 PET kernel: clocksource: jiffies: mask: 0xffffffff max_cycles: 0xffffffff, max_idle_ns: 1911260446275000 ns
Sep 23 13:37:19 PET kernel: posixtimers hash table entries: 16384 (order: 6, 262144 bytes, linear)
Sep 23 13:37:19 PET kernel: futex hash table entries: 8192 (524288 bytes on 1 NUMA nodes, total 512 KiB, linear).
Sep 23 13:37:19 PET kernel: pinctrl core: initialized pinctrl subsystem
Sep 23 13:37:19 PET kernel: PM: RTC time: 11:37:15, date: 2025-09-23
Sep 23 13:37:19 PET kernel: NET: Registered PF_NETLINK/PF_ROUTE protocol family
Sep 23 13:37:19 PET kernel: DMA: preallocated 2048 KiB GFP_KERNEL pool for atomic allocations
Sep 23 13:37:19 PET kernel: DMA: preallocated 2048 KiB GFP_KERNEL|GFP_DMA pool for atomic allocations
Sep 23 13:37:19 PET kernel: DMA: preallocated 2048 KiB GFP_KERNEL|GFP_DMA32 pool for atomic allocations
Sep 23 13:37:19 PET kernel: audit: initializing netlink subsys (disabled)
Sep 23 13:37:19 PET kernel: audit: type=2000 audit(1758627435.024:1): state=initialized audit_enabled=0 res=1
Sep 23 13:37:19 PET kernel: thermal_sys: Registered thermal governor 'bang_bang'
Sep 23 13:37:19 PET kernel: thermal_sys: Registered thermal governor 'step_wise'
Sep 23 13:37:19 PET kernel: cpuidle: using governor menu
Sep 23 13:37:19 PET kernel: acpiphp: ACPI Hot Plug PCI Controller Driver version: 0.5
Sep 23 13:37:19 PET kernel: PCI: ECAM [mem 0xc0000000-0xce0fffff] (base 0xc0000000) for domain 0000 [bus 00-e0]
Sep 23 13:37:19 PET kernel: PCI: Using configuration type 1 for base access
Sep 23 13:37:19 PET kernel: kprobes: kprobe jump-optimization is enabled. All kprobes are optimized if possible.
Sep 23 13:37:19 PET kernel: HugeTLB: allocation took 0ms with hugepage_allocation_threads=5
Sep 23 13:37:19 PET kernel: HugeTLB: registered 1.00 GiB page size, pre-allocated 0 pages
Sep 23 13:37:19 PET kernel: HugeTLB: 16380 KiB vmemmap can be freed for a 1.00 GiB page
Sep 23 13:37:19 PET kernel: HugeTLB: registered 2.00 MiB page size, pre-allocated 0 pages
Sep 23 13:37:19 PET kernel: HugeTLB: 28 KiB vmemmap can be freed for a 2.00 MiB page
Sep 23 13:37:19 PET kernel: ACPI: Added _OSI(Module Device)
Sep 23 13:37:19 PET kernel: ACPI: Added _OSI(Processor Device)
Sep 23 13:37:19 PET kernel: ACPI: Added _OSI(Processor Aggregator Device)
Sep 23 13:37:19 PET kernel: ACPI: 16 ACPI AML tables successfully acquired and loaded
Sep 23 13:37:19 PET kernel: ACPI: EC: EC started
Sep 23 13:37:19 PET kernel: ACPI: EC: interrupt blocked
Sep 23 13:37:19 PET kernel: ACPI: EC: EC_CMD/EC_SC=0x66, EC_DATA=0x62
Sep 23 13:37:19 PET kernel: ACPI: EC: Boot ECDT EC used to handle transactions
Sep 23 13:37:19 PET kernel: ACPI: USB4 _OSC: OS supports USB3+ DisplayPort+ PCIe+ XDomain+
Sep 23 13:37:19 PET kernel: ACPI: USB4 _OSC: OS controls USB3+ DisplayPort+ PCIe+ XDomain+
Sep 23 13:37:19 PET kernel: ACPI: Dynamic OEM Table Load:
Sep 23 13:37:19 PET kernel: ACPI: SSDT 0xFFFF8D0745362400 000394 (v02 PmRef  Cpu0Cst  00003001 INTL 20200717)
Sep 23 13:37:19 PET kernel: ACPI: Dynamic OEM Table Load:
Sep 23 13:37:19 PET kernel: ACPI: SSDT 0xFFFF8D074380E000 000668 (v02 PmRef  Cpu0Ist  00003000 INTL 20200717)
Sep 23 13:37:19 PET kernel: ACPI: Dynamic OEM Table Load:
Sep 23 13:37:19 PET kernel: ACPI: SSDT 0xFFFF8D0743830600 0001AB (v02 PmRef  Cpu0Psd  00003000 INTL 20200717)
Sep 23 13:37:19 PET kernel: ACPI: Dynamic OEM Table Load:
Sep 23 13:37:19 PET kernel: ACPI: SSDT 0xFFFF8D074380B800 0004BA (v02 PmRef  Cpu0Hwp  00003000 INTL 20200717)
Sep 23 13:37:19 PET kernel: ACPI: Dynamic OEM Table Load:
Sep 23 13:37:19 PET kernel: ACPI: SSDT 0xFFFF8D074533E000 001BAF (v02 PmRef  ApIst    00003000 INTL 20200717)
Sep 23 13:37:19 PET kernel: ACPI: Dynamic OEM Table Load:
Sep 23 13:37:19 PET kernel: ACPI: SSDT 0xFFFF8D0745338000 001038 (v02 PmRef  ApHwp    00003000 INTL 20200717)
Sep 23 13:37:19 PET kernel: ACPI: Dynamic OEM Table Load:
Sep 23 13:37:19 PET kernel: ACPI: SSDT 0xFFFF8D074533A000 001349 (v02 PmRef  ApPsd    00003000 INTL 20200717)
Sep 23 13:37:19 PET kernel: ACPI: Dynamic OEM Table Load:
Sep 23 13:37:19 PET kernel: ACPI: SSDT 0xFFFF8D0745378000 000FBB (v02 PmRef  ApCst    00003000 INTL 20200717)
Sep 23 13:37:19 PET kernel: ACPI: Interpreter enabled
Sep 23 13:37:19 PET kernel: ACPI: PM: (supports S0 S3 S4 S5)
Sep 23 13:37:19 PET kernel: ACPI: Using IOAPIC for interrupt routing
Sep 23 13:37:19 PET kernel: PCI: Using host bridge windows from ACPI; if necessary, use "pci=nocrs" and report a bug
Sep 23 13:37:19 PET kernel: PCI: Ignoring E820 reservations for host bridge windows
Sep 23 13:37:19 PET kernel: ACPI: Enabled 9 GPEs in block 00 to 7F
Sep 23 13:37:19 PET kernel: ACPI: \_SB_.PC00.PEG2.PXP_: New power resource
Sep 23 13:37:19 PET kernel: ACPI: \_SB_.PC00.PEG0.PXP_: New power resource
Sep 23 13:37:19 PET kernel: ACPI: \_SB_.PC00.RP09.PXP_: New power resource
Sep 23 13:37:19 PET kernel: ACPI: \_SB_.PC00.RP07.RPR2: New power resource
Sep 23 13:37:19 PET kernel: ACPI: \_SB_.PC00.RP08.PXP_: New power resource
Sep 23 13:37:19 PET kernel: ACPI: \_SB_.PC00.PEG1.PXP_: New power resource
Sep 23 13:37:19 PET kernel: ACPI: \_SB_.PC00.PEG1.SWUS.POUS: New power resource
Sep 23 13:37:19 PET kernel: ACPI: \_SB_.PC00.PEG1.SWUS.SWDS.PODS: New power resource
Sep 23 13:37:19 PET kernel: ACPI: \_SB_.PC00.PEG1.SWUS.SWDS.VGA_.POVG: New power resource
Sep 23 13:37:19 PET kernel: ACPI: \_SB_.PC00.XHCI.RHUB.HS10.BTRT: New power resource
Sep 23 13:37:19 PET kernel: ACPI: \_SB_.PC00.PAUD: New power resource
Sep 23 13:37:19 PET kernel: ACPI: \_SB_.PC00.CNVW.WRST: New power resource
Sep 23 13:37:19 PET kernel: ACPI: \_SB_.PC00.TBT0: New power resource
Sep 23 13:37:19 PET kernel: ACPI: \_SB_.PC00.TBT1: New power resource
Sep 23 13:37:19 PET kernel: ACPI: \_SB_.PC00.D3C_: New power resource
Sep 23 13:37:19 PET kernel: ACPI: \PIN_: New power resource
Sep 23 13:37:19 PET kernel: ACPI: PCI Root Bridge [PC00] (domain 0000 [bus 00-e0])
Sep 23 13:37:19 PET kernel: acpi PNP0A08:00: _OSC: OS supports [ExtendedConfig ASPM ClockPM Segments MSI HPX-Type3]
Sep 23 13:37:19 PET kernel: acpi PNP0A08:00: _OSC: OS now controls [PCIeHotplug PME PCIeCapability LTR]
Sep 23 13:37:19 PET kernel: PCI host bridge to bus 0000:00
Sep 23 13:37:19 PET kernel: pci_bus 0000:00: root bus resource [io  0x0000-0x0cf7 window]
Sep 23 13:37:19 PET kernel: pci_bus 0000:00: root bus resource [io  0x0d00-0xffff window]
Sep 23 13:37:19 PET kernel: pci_bus 0000:00: root bus resource [mem 0x000a0000-0x000bffff window]
Sep 23 13:37:19 PET kernel: pci_bus 0000:00: root bus resource [mem 0x000e0000-0x000fffff window]
Sep 23 13:37:19 PET kernel: pci_bus 0000:00: root bus resource [mem 0x74800000-0xbfffffff window]
Sep 23 13:37:19 PET kernel: pci_bus 0000:00: root bus resource [mem 0x4000000000-0x7fffffffff window]
Sep 23 13:37:19 PET kernel: pci_bus 0000:00: root bus resource [bus 00-e0]
Sep 23 13:37:19 PET kernel: pci 0000:00:00.0: [8086:4641] type 00 class 0x060000 conventional PCI endpoint
Sep 23 13:37:19 PET kernel: pci 0000:00:01.0: [8086:460d] type 01 class 0x060400 PCIe Root Port
Sep 23 13:37:19 PET kernel: pci 0000:00:01.0: PCI bridge to [bus 01-05]
Sep 23 13:37:19 PET kernel: pci 0000:00:01.0:   bridge window [io  0x3000-0x3fff]
Sep 23 13:37:19 PET kernel: pci 0000:00:01.0:   bridge window [mem 0x85000000-0x860fffff]
Sep 23 13:37:19 PET kernel: pci 0000:00:01.0:   bridge window [mem 0x6000000000-0x6801ffffff 64bit pref]
Sep 23 13:37:19 PET kernel: pci 0000:00:01.0: PME# supported from D0 D3hot D3cold
Sep 23 13:37:19 PET kernel: pci 0000:00:02.0: [8086:46a6] type 00 class 0x030000 PCIe Root Complex Integrated Endpoint
Sep 23 13:37:19 PET kernel: pci 0000:00:02.0: BAR 0 [mem 0x682e000000-0x682effffff 64bit]
Sep 23 13:37:19 PET kernel: pci 0000:00:02.0: BAR 2 [mem 0x4000000000-0x400fffffff 64bit pref]
Sep 23 13:37:19 PET kernel: pci 0000:00:02.0: BAR 4 [io  0x4000-0x403f]
Sep 23 13:37:19 PET kernel: pci 0000:00:02.0: DMAR: Skip IOMMU disabling for graphics
Sep 23 13:37:19 PET kernel: pci 0000:00:02.0: Video device with shadowed ROM at [mem 0x000c0000-0x000dffff]
Sep 23 13:37:19 PET kernel: pci 0000:00:02.0: VF BAR 0 [mem 0x00000000-0x00ffffff 64bit]
Sep 23 13:37:19 PET kernel: pci 0000:00:02.0: VF BAR 0 [mem 0x00000000-0x06ffffff 64bit]: contains BAR 0 for 7 VFs
Sep 23 13:37:19 PET kernel: pci 0000:00:02.0: VF BAR 2 [mem 0x00000000-0x1fffffff 64bit pref]
Sep 23 13:37:19 PET kernel: pci 0000:00:02.0: VF BAR 2 [mem 0x00000000-0xdfffffff 64bit pref]: contains BAR 2 for 7 VFs
Sep 23 13:37:19 PET kernel: pci 0000:00:04.0: [8086:461d] type 00 class 0x118000 conventional PCI endpoint
Sep 23 13:37:19 PET kernel: pci 0000:00:04.0: BAR 0 [mem 0x682f240000-0x682f25ffff 64bit]
Sep 23 13:37:19 PET kernel: pci 0000:00:06.0: [8086:09ab] type 00 class 0x088000 conventional PCI endpoint
Sep 23 13:37:19 PET kernel: pci 0000:00:07.0: [8086:466e] type 01 class 0x060400 PCIe Root Port
Sep 23 13:37:19 PET kernel: pci 0000:00:07.0: PCI bridge to [bus 06-2f]
Sep 23 13:37:19 PET kernel: pci 0000:00:07.0:   bridge window [mem 0x78000000-0x841fffff]
Sep 23 13:37:19 PET kernel: pci 0000:00:07.0:   bridge window [mem 0x6810000000-0x682bffffff 64bit pref]
Sep 23 13:37:19 PET kernel: pci 0000:00:07.0: PME# supported from D0 D3hot D3cold
Sep 23 13:37:19 PET kernel: pci 0000:00:08.0: [8086:464f] type 00 class 0x088000 conventional PCI endpoint
Sep 23 13:37:19 PET kernel: pci 0000:00:08.0: BAR 0 [mem 0x682f29a000-0x682f29afff 64bit]
Sep 23 13:37:19 PET kernel: pci 0000:00:0a.0: [8086:467d] type 00 class 0x118000 PCIe Root Complex Integrated Endpoint
Sep 23 13:37:19 PET kernel: pci 0000:00:0a.0: BAR 0 [mem 0x682f280000-0x682f287fff 64bit]
Sep 23 13:37:19 PET kernel: pci 0000:00:0a.0: enabling Extended Tags
Sep 23 13:37:19 PET kernel: pci 0000:00:0d.0: [8086:461e] type 00 class 0x0c0330 conventional PCI endpoint
Sep 23 13:37:19 PET kernel: pci 0000:00:0d.0: BAR 0 [mem 0x682f270000-0x682f27ffff 64bit]
Sep 23 13:37:19 PET kernel: pci 0000:00:0d.0: PME# supported from D3hot D3cold
Sep 23 13:37:19 PET kernel: pci 0000:00:0d.2: [8086:463e] type 00 class 0x0c0340 conventional PCI endpoint
Sep 23 13:37:19 PET kernel: pci 0000:00:0d.2: BAR 0 [mem 0x682f200000-0x682f23ffff 64bit]
Sep 23 13:37:19 PET kernel: pci 0000:00:0d.2: BAR 2 [mem 0x682f299000-0x682f299fff 64bit]
Sep 23 13:37:19 PET kernel: pci 0000:00:0d.2: supports D1 D2
Sep 23 13:37:19 PET kernel: pci 0000:00:0d.2: PME# supported from D0 D1 D2 D3hot D3cold
Sep 23 13:37:19 PET kernel: pci 0000:00:0e.0: [8086:467f] type 00 class 0x010400 PCIe Root Complex Integrated Endpoint
Sep 23 13:37:19 PET kernel: pci 0000:00:0e.0: BAR 0 [mem 0x682c000000-0x682dffffff 64bit]
Sep 23 13:37:19 PET kernel: pci 0000:00:0e.0: BAR 2 [mem 0x76000000-0x77ffffff]
Sep 23 13:37:19 PET kernel: pci 0000:00:0e.0: BAR 4 [mem 0x682f100000-0x682f1fffff 64bit]
Sep 23 13:37:19 PET kernel: pci 0000:00:14.0: [8086:51ed] type 00 class 0x0c0330 conventional PCI endpoint
Sep 23 13:37:19 PET kernel: pci 0000:00:14.0: BAR 0 [mem 0x682f260000-0x682f26ffff 64bit]
Sep 23 13:37:19 PET kernel: pci 0000:00:14.0: PME# supported from D3hot D3cold
Sep 23 13:37:19 PET kernel: pci 0000:00:14.2: [8086:51ef] type 00 class 0x050000 conventional PCI endpoint
Sep 23 13:37:19 PET kernel: pci 0000:00:14.2: BAR 0 [mem 0x682f290000-0x682f293fff 64bit]
Sep 23 13:37:19 PET kernel: pci 0000:00:14.2: BAR 2 [mem 0x682f298000-0x682f298fff 64bit]
Sep 23 13:37:19 PET kernel: pci 0000:00:14.3: [8086:51f0] type 00 class 0x028000 PCIe Root Complex Integrated Endpoint
Sep 23 13:37:19 PET kernel: pci 0000:00:14.3: BAR 0 [mem 0x682f28c000-0x682f28ffff 64bit]
Sep 23 13:37:19 PET kernel: pci 0000:00:14.3: PME# supported from D0 D3hot D3cold
Sep 23 13:37:19 PET kernel: pci 0000:00:15.0: [8086:51e8] type 00 class 0x0c8000 conventional PCI endpoint
Sep 23 13:37:19 PET kernel: pci 0000:00:15.0: BAR 0 [mem 0x00000000-0x00000fff 64bit]
Sep 23 13:37:19 PET kernel: pci 0000:00:15.1: [8086:51e9] type 00 class 0x0c8000 conventional PCI endpoint
Sep 23 13:37:19 PET kernel: pci 0000:00:15.1: BAR 0 [mem 0x00000000-0x00000fff 64bit]
Sep 23 13:37:19 PET kernel: pci 0000:00:16.0: [8086:51e0] type 00 class 0x078000 conventional PCI endpoint
Sep 23 13:37:19 PET kernel: pci 0000:00:16.0: BAR 0 [mem 0x682f295000-0x682f295fff 64bit]
Sep 23 13:37:19 PET kernel: pci 0000:00:16.0: PME# supported from D3hot
Sep 23 13:37:19 PET kernel: pci 0000:00:1c.0: [8086:51be] type 01 class 0x060400 PCIe Root Port
Sep 23 13:37:19 PET kernel: pci 0000:00:1c.0: PCI bridge to [bus 30]
Sep 23 13:37:19 PET kernel: pci 0000:00:1c.0:   bridge window [mem 0x86200000-0x862fffff]
Sep 23 13:37:19 PET kernel: pci 0000:00:1c.0: PME# supported from D0 D3hot D3cold
Sep 23 13:37:19 PET kernel: pci 0000:00:1f.0: [8086:5182] type 00 class 0x060100 conventional PCI endpoint
Sep 23 13:37:19 PET kernel: pci 0000:00:1f.3: [8086:51c8] type 00 class 0x040380 conventional PCI endpoint
Sep 23 13:37:19 PET kernel: pci 0000:00:1f.3: BAR 0 [mem 0x682f288000-0x682f28bfff 64bit]
Sep 23 13:37:19 PET kernel: pci 0000:00:1f.3: BAR 4 [mem 0x682f000000-0x682f0fffff 64bit]
Sep 23 13:37:19 PET kernel: pci 0000:00:1f.3: PME# supported from D3hot D3cold
Sep 23 13:37:19 PET kernel: pci 0000:00:1f.4: [8086:51a3] type 00 class 0x0c0500 conventional PCI endpoint
Sep 23 13:37:19 PET kernel: pci 0000:00:1f.4: BAR 0 [mem 0x682f294000-0x682f2940ff 64bit]
Sep 23 13:37:19 PET kernel: pci 0000:00:1f.4: BAR 4 [io  0xefa0-0xefbf]
Sep 23 13:37:19 PET kernel: pci 0000:00:1f.5: [8086:51a4] type 00 class 0x0c8000 conventional PCI endpoint
Sep 23 13:37:19 PET kernel: pci 0000:00:1f.5: BAR 0 [mem 0xfe010000-0xfe010fff]
Sep 23 13:37:19 PET kernel: acpiphp: Slot [1] registered
Sep 23 13:37:19 PET kernel: pci 0000:01:00.0: [10de:25a0] type 00 class 0x030000 PCIe Legacy Endpoint
Sep 23 13:37:19 PET kernel: pci 0000:01:00.0: BAR 0 [mem 0x85000000-0x85ffffff]
Sep 23 13:37:19 PET kernel: pci 0000:01:00.0: BAR 1 [mem 0x6000000000-0x60ffffffff 64bit pref]
Sep 23 13:37:19 PET kernel: pci 0000:01:00.0: BAR 3 [mem 0x6800000000-0x6801ffffff 64bit pref]
Sep 23 13:37:19 PET kernel: pci 0000:01:00.0: BAR 5 [io  0x3000-0x307f]
Sep 23 13:37:19 PET kernel: pci 0000:01:00.0: ROM [mem 0x86000000-0x8607ffff pref]
Sep 23 13:37:19 PET kernel: pci 0000:01:00.0: PME# supported from D0 D3hot
Sep 23 13:37:19 PET kernel: pci 0000:01:00.0: 126.024 Gb/s available PCIe bandwidth, limited by 16.0 GT/s PCIe x8 link at 0000:00:01.0 (capable of 252.048 Gb/s with 16.0 GT/s PCIe x16 link)
Sep 23 13:37:19 PET kernel: pci 0000:01:00.1: [10de:2291] type 00 class 0x040300 PCIe Endpoint
Sep 23 13:37:19 PET kernel: pci 0000:01:00.1: BAR 0 [mem 0x86080000-0x86083fff]
Sep 23 13:37:19 PET kernel: pci 0000:00:01.0: PCI bridge to [bus 01-05]
Sep 23 13:37:19 PET kernel: pci 0000:00:07.0: PCI bridge to [bus 06-2f]
Sep 23 13:37:19 PET kernel: pci 0000:30:00.0: [17a0:9755] type 00 class 0x080501 PCIe Endpoint
Sep 23 13:37:19 PET kernel: pci 0000:30:00.0: BAR 0 [mem 0x86200000-0x86200fff]
Sep 23 13:37:19 PET kernel: pci 0000:30:00.0: supports D1 D2
Sep 23 13:37:19 PET kernel: pci 0000:30:00.0: PME# supported from D1 D2 D3hot D3cold
Sep 23 13:37:19 PET kernel: pci 0000:00:1c.0: PCI bridge to [bus 30]
Sep 23 13:37:19 PET kernel: ACPI: PCI: Interrupt link LNKA configured for IRQ 0
Sep 23 13:37:19 PET kernel: ACPI: PCI: Interrupt link LNKB configured for IRQ 1
Sep 23 13:37:19 PET kernel: ACPI: PCI: Interrupt link LNKC configured for IRQ 0
Sep 23 13:37:19 PET kernel: ACPI: PCI: Interrupt link LNKD configured for IRQ 0
Sep 23 13:37:19 PET kernel: ACPI: PCI: Interrupt link LNKE configured for IRQ 0
Sep 23 13:37:19 PET kernel: ACPI: PCI: Interrupt link LNKF configured for IRQ 0
Sep 23 13:37:19 PET kernel: ACPI: PCI: Interrupt link LNKG configured for IRQ 0
Sep 23 13:37:19 PET kernel: ACPI: PCI: Interrupt link LNKH configured for IRQ 0
Sep 23 13:37:19 PET kernel: ACPI: EC: interrupt unblocked
Sep 23 13:37:19 PET kernel: ACPI: EC: event unblocked
Sep 23 13:37:19 PET kernel: ACPI: EC: EC_CMD/EC_SC=0x66, EC_DATA=0x62
Sep 23 13:37:19 PET kernel: ACPI: EC: GPE=0x6e
Sep 23 13:37:19 PET kernel: ACPI: \_SB_.PC00.LPCB.EC0_: Boot ECDT EC initialization complete
Sep 23 13:37:19 PET kernel: ACPI: \_SB_.PC00.LPCB.EC0_: EC: Used to handle transactions and events
Sep 23 13:37:19 PET kernel: iommu: Default domain type: Translated
Sep 23 13:37:19 PET kernel: iommu: DMA domain TLB invalidation policy: lazy mode
Sep 23 13:37:19 PET kernel: ACPI: bus type USB registered
Sep 23 13:37:19 PET kernel: usbcore: registered new interface driver usbfs
Sep 23 13:37:19 PET kernel: usbcore: registered new interface driver hub
Sep 23 13:37:19 PET kernel: usbcore: registered new device driver usb
Sep 23 13:37:19 PET kernel: efivars: Registered efivars operations
Sep 23 13:37:19 PET kernel: NetLabel: Initializing
Sep 23 13:37:19 PET kernel: NetLabel:  domain hash size = 128
Sep 23 13:37:19 PET kernel: NetLabel:  protocols = UNLABELED CIPSOv4 CALIPSO
Sep 23 13:37:19 PET kernel: NetLabel:  unlabeled traffic allowed by default
Sep 23 13:37:19 PET kernel: PCI: Using ACPI for IRQ routing
Sep 23 13:37:19 PET kernel: PCI: pci_cache_line_size set to 64 bytes
Sep 23 13:37:19 PET kernel: pci 0000:00:1f.5: BAR 0 [mem 0xfe010000-0xfe010fff]: can't claim; no compatible bridge window
Sep 23 13:37:19 PET kernel: e820: reserve RAM buffer [mem 0x0009e000-0x0009ffff]
Sep 23 13:37:19 PET kernel: e820: reserve RAM buffer [mem 0x5e855000-0x5fffffff]
Sep 23 13:37:19 PET kernel: e820: reserve RAM buffer [mem 0x5f700000-0x5fffffff]
Sep 23 13:37:19 PET kernel: e820: reserve RAM buffer [mem 0x6139c000-0x63ffffff]
Sep 23 13:37:19 PET kernel: e820: reserve RAM buffer [mem 0x66800000-0x67ffffff]
Sep 23 13:37:19 PET kernel: e820: reserve RAM buffer [mem 0x48b800000-0x48bffffff]
Sep 23 13:37:19 PET kernel: pci 0000:00:02.0: vgaarb: setting as boot VGA device
Sep 23 13:37:19 PET kernel: pci 0000:00:02.0: vgaarb: bridge control possible
Sep 23 13:37:19 PET kernel: pci 0000:00:02.0: vgaarb: VGA device added: decodes=io+mem,owns=io+mem,locks=none
Sep 23 13:37:19 PET kernel: pci 0000:01:00.0: vgaarb: bridge control possible
Sep 23 13:37:19 PET kernel: pci 0000:01:00.0: vgaarb: VGA device added: decodes=io+mem,owns=none,locks=none
Sep 23 13:37:19 PET kernel: vgaarb: loaded
Sep 23 13:37:19 PET kernel: clocksource: Switched to clocksource tsc-early
Sep 23 13:37:19 PET kernel: VFS: Disk quotas dquot_6.6.0
Sep 23 13:37:19 PET kernel: VFS: Dquot-cache hash table entries: 512 (order 0, 4096 bytes)
Sep 23 13:37:19 PET kernel: pnp: PnP ACPI init
Sep 23 13:37:19 PET kernel: system 00:00: [io  0x0680-0x069f] has been reserved
Sep 23 13:37:19 PET kernel: system 00:00: [io  0x164e-0x164f] has been reserved
Sep 23 13:37:19 PET kernel: pnp 00:02: disabling [mem 0xc0000000-0xcfffffff] because it overlaps 0000:00:02.0 BAR 9 [mem 0x00000000-0xdfffffff 64bit pref]
Sep 23 13:37:19 PET kernel: system 00:02: [mem 0xfedc0000-0xfedc7fff] has been reserved
Sep 23 13:37:19 PET kernel: system 00:02: [mem 0xfeda0000-0xfeda0fff] has been reserved
Sep 23 13:37:19 PET kernel: system 00:02: [mem 0xfeda1000-0xfeda1fff] has been reserved
Sep 23 13:37:19 PET kernel: system 00:02: [mem 0xfed20000-0xfed7ffff] could not be reserved
Sep 23 13:37:19 PET kernel: system 00:02: [mem 0xfed90000-0xfed93fff] could not be reserved
Sep 23 13:37:19 PET kernel: system 00:02: [mem 0xfed45000-0xfed8ffff] could not be reserved
Sep 23 13:37:19 PET kernel: system 00:02: [mem 0xfee00000-0xfeefffff] could not be reserved
Sep 23 13:37:19 PET kernel: system 00:03: [io  0x2000-0x20fe] has been reserved
Sep 23 13:37:19 PET kernel: system 00:04: [mem 0xfe03e008-0xfe03efff] has been reserved
Sep 23 13:37:19 PET kernel: system 00:04: [mem 0xfe03f000-0xfe03ffff] has been reserved
Sep 23 13:37:19 PET kernel: pnp: PnP ACPI: found 5 devices
Sep 23 13:37:19 PET kernel: clocksource: acpi_pm: mask: 0xffffff max_cycles: 0xffffff, max_idle_ns: 2085701024 ns
Sep 23 13:37:19 PET kernel: NET: Registered PF_INET protocol family
Sep 23 13:37:19 PET kernel: IP idents hash table entries: 262144 (order: 9, 2097152 bytes, linear)
Sep 23 13:37:19 PET kernel: tcp_listen_portaddr_hash hash table entries: 8192 (order: 5, 131072 bytes, linear)
Sep 23 13:37:19 PET kernel: Table-perturb hash table entries: 65536 (order: 6, 262144 bytes, linear)
Sep 23 13:37:19 PET kernel: TCP established hash table entries: 131072 (order: 8, 1048576 bytes, linear)
Sep 23 13:37:19 PET kernel: TCP bind hash table entries: 65536 (order: 9, 2097152 bytes, linear)
Sep 23 13:37:19 PET kernel: TCP: Hash tables configured (established 131072 bind 65536)
Sep 23 13:37:19 PET kernel: MPTCP token hash table entries: 16384 (order: 6, 393216 bytes, linear)
Sep 23 13:37:19 PET kernel: UDP hash table entries: 8192 (order: 7, 524288 bytes, linear)
Sep 23 13:37:19 PET kernel: UDP-Lite hash table entries: 8192 (order: 7, 524288 bytes, linear)
Sep 23 13:37:19 PET kernel: NET: Registered PF_UNIX/PF_LOCAL protocol family
Sep 23 13:37:19 PET kernel: NET: Registered PF_XDP protocol family
Sep 23 13:37:19 PET kernel: pci 0000:00:07.0: bridge window [io  0x1000-0x0fff] to [bus 06-2f] add_size 1000
Sep 23 13:37:19 PET kernel: pci 0000:00:02.0: VF BAR 2 [mem 0x4020000000-0x40ffffffff 64bit pref]: assigned
Sep 23 13:37:19 PET kernel: pci 0000:00:02.0: VF BAR 0 [mem 0x4010000000-0x4016ffffff 64bit]: assigned
Sep 23 13:37:19 PET kernel: pci 0000:00:07.0: bridge window [io  0x5000-0x5fff]: assigned
Sep 23 13:37:19 PET kernel: pci 0000:00:15.0: BAR 0 [mem 0x4017000000-0x4017000fff 64bit]: assigned
Sep 23 13:37:19 PET kernel: pci 0000:00:15.1: BAR 0 [mem 0x4017001000-0x4017001fff 64bit]: assigned
Sep 23 13:37:19 PET kernel: pci 0000:00:1f.5: BAR 0 [mem 0x74800000-0x74800fff]: assigned
Sep 23 13:37:19 PET kernel: pci 0000:00:01.0: PCI bridge to [bus 01-05]
Sep 23 13:37:19 PET kernel: pci 0000:00:01.0:   bridge window [io  0x3000-0x3fff]
Sep 23 13:37:19 PET kernel: pci 0000:00:01.0:   bridge window [mem 0x85000000-0x860fffff]
Sep 23 13:37:19 PET kernel: pci 0000:00:01.0:   bridge window [mem 0x6000000000-0x6801ffffff 64bit pref]
Sep 23 13:37:19 PET kernel: pci 0000:00:07.0: PCI bridge to [bus 06-2f]
Sep 23 13:37:19 PET kernel: pci 0000:00:07.0:   bridge window [io  0x5000-0x5fff]
Sep 23 13:37:19 PET kernel: pci 0000:00:07.0:   bridge window [mem 0x78000000-0x841fffff]
Sep 23 13:37:19 PET kernel: pci 0000:00:07.0:   bridge window [mem 0x6810000000-0x682bffffff 64bit pref]
Sep 23 13:37:19 PET kernel: pci 0000:00:1c.0: PCI bridge to [bus 30]
Sep 23 13:37:19 PET kernel: pci 0000:00:1c.0:   bridge window [mem 0x86200000-0x862fffff]
Sep 23 13:37:19 PET kernel: pci_bus 0000:00: resource 4 [io  0x0000-0x0cf7 window]
Sep 23 13:37:19 PET kernel: pci_bus 0000:00: resource 5 [io  0x0d00-0xffff window]
Sep 23 13:37:19 PET kernel: pci_bus 0000:00: resource 6 [mem 0x000a0000-0x000bffff window]
Sep 23 13:37:19 PET kernel: pci_bus 0000:00: resource 7 [mem 0x000e0000-0x000fffff window]
Sep 23 13:37:19 PET kernel: pci_bus 0000:00: resource 8 [mem 0x74800000-0xbfffffff window]
Sep 23 13:37:19 PET kernel: pci_bus 0000:00: resource 9 [mem 0x4000000000-0x7fffffffff window]
Sep 23 13:37:19 PET kernel: pci_bus 0000:01: resource 0 [io  0x3000-0x3fff]
Sep 23 13:37:19 PET kernel: pci_bus 0000:01: resource 1 [mem 0x85000000-0x860fffff]
Sep 23 13:37:19 PET kernel: pci_bus 0000:01: resource 2 [mem 0x6000000000-0x6801ffffff 64bit pref]
Sep 23 13:37:19 PET kernel: pci_bus 0000:06: resource 0 [io  0x5000-0x5fff]
Sep 23 13:37:19 PET kernel: pci_bus 0000:06: resource 1 [mem 0x78000000-0x841fffff]
Sep 23 13:37:19 PET kernel: pci_bus 0000:06: resource 2 [mem 0x6810000000-0x682bffffff 64bit pref]
Sep 23 13:37:19 PET kernel: pci_bus 0000:30: resource 1 [mem 0x86200000-0x862fffff]
Sep 23 13:37:19 PET kernel: pci 0000:01:00.1: extending delay after power-on from D3hot to 20 msec
Sep 23 13:37:19 PET kernel: pci 0000:01:00.1: D0 power state depends on 0000:01:00.0
Sep 23 13:37:19 PET kernel: PCI: CLS 64 bytes, default 64
Sep 23 13:37:19 PET kernel: DMAR: Intel-IOMMU force enabled due to platform opt in
Sep 23 13:37:19 PET kernel: DMAR: No ATSR found
Sep 23 13:37:19 PET kernel: DMAR: No SATC found
Sep 23 13:37:19 PET kernel: DMAR: dmar0: Using Queued invalidation
Sep 23 13:37:19 PET kernel: DMAR: dmar1: Using Queued invalidation
Sep 23 13:37:19 PET kernel: Trying to unpack rootfs image as initramfs...
Sep 23 13:37:19 PET kernel: pci 0000:00:02.0: Adding to iommu group 0
Sep 23 13:37:19 PET kernel: pci 0000:00:00.0: Adding to iommu group 1
Sep 23 13:37:19 PET kernel: pci 0000:00:01.0: Adding to iommu group 2
Sep 23 13:37:19 PET kernel: pci 0000:00:04.0: Adding to iommu group 3
Sep 23 13:37:19 PET kernel: pci 0000:00:06.0: Adding to iommu group 4
Sep 23 13:37:19 PET kernel: pci 0000:00:07.0: Adding to iommu group 5
Sep 23 13:37:19 PET kernel: pci 0000:00:08.0: Adding to iommu group 6
Sep 23 13:37:19 PET kernel: pci 0000:00:0a.0: Adding to iommu group 7
Sep 23 13:37:19 PET kernel: pci 0000:00:0d.0: Adding to iommu group 8
Sep 23 13:37:19 PET kernel: pci 0000:00:0d.2: Adding to iommu group 8
Sep 23 13:37:19 PET kernel: pci 0000:00:0e.0: Adding to iommu group 9
Sep 23 13:37:19 PET kernel: pci 0000:00:14.0: Adding to iommu group 10
Sep 23 13:37:19 PET kernel: pci 0000:00:14.2: Adding to iommu group 10
Sep 23 13:37:19 PET kernel: pci 0000:00:14.3: Adding to iommu group 11
Sep 23 13:37:19 PET kernel: pci 0000:00:15.0: Adding to iommu group 12
Sep 23 13:37:19 PET kernel: pci 0000:00:15.1: Adding to iommu group 12
Sep 23 13:37:19 PET kernel: pci 0000:00:16.0: Adding to iommu group 13
Sep 23 13:37:19 PET kernel: pci 0000:00:1c.0: Adding to iommu group 14
Sep 23 13:37:19 PET kernel: pci 0000:00:1f.0: Adding to iommu group 15
Sep 23 13:37:19 PET kernel: pci 0000:00:1f.3: Adding to iommu group 15
Sep 23 13:37:19 PET kernel: pci 0000:00:1f.4: Adding to iommu group 15
Sep 23 13:37:19 PET kernel: pci 0000:00:1f.5: Adding to iommu group 15
Sep 23 13:37:19 PET kernel: pci 0000:01:00.0: Adding to iommu group 16
Sep 23 13:37:19 PET kernel: pci 0000:01:00.1: Adding to iommu group 16
Sep 23 13:37:19 PET kernel: pci 0000:30:00.0: Adding to iommu group 17
Sep 23 13:37:19 PET kernel: DMAR: Intel(R) Virtualization Technology for Directed I/O
Sep 23 13:37:19 PET kernel: PCI-DMA: Using software bounce buffering for IO (SWIOTLB)
Sep 23 13:37:19 PET kernel: software IO TLB: mapped [mem 0x000000004fc0b000-0x0000000053c0b000] (64MB)
Sep 23 13:37:19 PET kernel: clocksource: tsc: mask: 0xffffffffffffffff max_cycles: 0x2a11290c0c8, max_idle_ns: 440795344938 ns
Sep 23 13:37:19 PET kernel: clocksource: Switched to clocksource tsc
Sep 23 13:37:19 PET kernel: platform rtc_cmos: registered platform RTC device (no PNP device found)
Sep 23 13:37:19 PET kernel: Initialise system trusted keyrings
Sep 23 13:37:19 PET kernel: workingset: timestamp_bits=40 max_order=22 bucket_order=0
Sep 23 13:37:19 PET kernel: Key type asymmetric registered
Sep 23 13:37:19 PET kernel: Asymmetric key parser 'x509' registered
Sep 23 13:37:19 PET kernel: Block layer SCSI generic (bsg) driver version 0.4 loaded (major 251)
Sep 23 13:37:19 PET kernel: io scheduler mq-deadline registered
Sep 23 13:37:19 PET kernel: io scheduler kyber registered
Sep 23 13:37:19 PET kernel: pcieport 0000:00:01.0: PME: Signaling with IRQ 122
Sep 23 13:37:19 PET kernel: pcieport 0000:00:07.0: PME: Signaling with IRQ 123
Sep 23 13:37:19 PET kernel: pcieport 0000:00:07.0: pciehp: Slot #3 AttnBtn- PwrCtrl- MRL- AttnInd- PwrInd- HotPlug+ Surprise+ Interlock- NoCompl+ IbPresDis- LLActRep+
Sep 23 13:37:19 PET kernel: pcieport 0000:00:1c.0: PME: Signaling with IRQ 124
Sep 23 13:37:19 PET kernel: Serial: 8250/16550 driver, 4 ports, IRQ sharing enabled
Sep 23 13:37:19 PET kernel: hpet_acpi_add: no address or irqs in _CRS
Sep 23 13:37:19 PET kernel: Linux agpgart interface v0.103
Sep 23 13:37:19 PET kernel: ACPI: bus type drm_connector registered
Sep 23 13:37:19 PET kernel: usbcore: registered new interface driver usbserial_generic
Sep 23 13:37:19 PET kernel: usbserial: USB Serial support registered for generic
Sep 23 13:37:19 PET kernel: intel_pstate: Intel P-state driver initializing
Sep 23 13:37:19 PET kernel: intel_pstate: HWP enabled
Sep 23 13:37:19 PET kernel: simple-framebuffer simple-framebuffer.0: [drm] Registered 1 planes with drm panic
Sep 23 13:37:19 PET kernel: [drm] Initialized simpledrm 1.0.0 for simple-framebuffer.0 on minor 0
Sep 23 13:37:19 PET kernel: fbcon: Deferring console take-over
Sep 23 13:37:19 PET kernel: simple-framebuffer simple-framebuffer.0: [drm] fb0: simpledrmdrmfb frame buffer device
Sep 23 13:37:19 PET kernel: drop_monitor: Initializing network drop monitor service
Sep 23 13:37:19 PET kernel: NET: Registered PF_INET6 protocol family
Sep 23 13:37:19 PET kernel: Freeing initrd memory: 31500K
Sep 23 13:37:19 PET kernel: Segment Routing with IPv6
Sep 23 13:37:19 PET kernel: In-situ OAM (IOAM) with IPv6
Sep 23 13:37:19 PET kernel: ENERGY_PERF_BIAS: Set to 'normal', was 'performance'
Sep 23 13:37:19 PET kernel: microcode: Current revision: 0x00000437
Sep 23 13:37:19 PET kernel: microcode: Updated early from: 0x00000419
Sep 23 13:37:19 PET kernel: unchecked MSR access error: WRMSR to 0xd10 (tried to write 0x000000000000ffff) at rIP: 0xffffffff862e1bbf (native_write_msr+0xf/0x20)
Sep 23 13:37:19 PET kernel: Call Trace:
Sep 23 13:37:19 PET kernel:  <TASK>
Sep 23 13:37:19 PET kernel:  cat_wrmsr+0x3e/0x60
Sep 23 13:37:19 PET kernel:  resctrl_arch_online_cpu+0x341/0x800
Sep 23 13:37:19 PET kernel:  ? __pfx_resctrl_arch_online_cpu+0x10/0x10
Sep 23 13:37:19 PET kernel:  cpuhp_invoke_callback+0x138/0x440
Sep 23 13:37:19 PET kernel:  ? __pfx_smpboot_thread_fn+0x10/0x10
Sep 23 13:37:19 PET kernel:  cpuhp_thread_fun+0xa4/0x170
Sep 23 13:37:19 PET kernel:  smpboot_thread_fn+0xf0/0x220
Sep 23 13:37:19 PET kernel:  kthread+0xf8/0x250
Sep 23 13:37:19 PET kernel:  ? finish_task_switch.isra.0+0x99/0x2e0
Sep 23 13:37:19 PET kernel:  ? __pfx_kthread+0x10/0x10
Sep 23 13:37:19 PET kernel:  ? __pfx_kthread+0x10/0x10
Sep 23 13:37:19 PET kernel:  ret_from_fork+0x196/0x1d0
Sep 23 13:37:19 PET kernel:  ? __pfx_kthread+0x10/0x10
Sep 23 13:37:19 PET kernel:  ret_from_fork_asm+0x1a/0x30
Sep 23 13:37:19 PET kernel:  </TASK>
Sep 23 13:37:19 PET kernel: resctrl: L2 allocation detected
Sep 23 13:37:19 PET kernel: IPI shorthand broadcast: enabled
Sep 23 13:37:19 PET kernel: sched_clock: Marking stable (1141000836, 15967873)->(1227379779, -70411070)
Sep 23 13:37:19 PET kernel: registered taskstats version 1
Sep 23 13:37:19 PET kernel: Loading compiled-in X.509 certificates
Sep 23 13:37:19 PET kernel: Demotion targets for Node 0: null
Sep 23 13:37:19 PET kernel: Key type .fscrypt registered
Sep 23 13:37:19 PET kernel: Key type fscrypt-provisioning registered
Sep 23 13:37:19 PET kernel: PM:   Magic number: 9:494:631
Sep 23 13:37:19 PET kernel: RAS: Correctable Errors collector initialized.
Sep 23 13:37:19 PET kernel: clk: Disabling unused clocks
Sep 23 13:37:19 PET kernel: PM: genpd: Disabling unused power domains
Sep 23 13:37:19 PET kernel: Freeing unused decrypted memory: 2028K
Sep 23 13:37:19 PET kernel: Freeing unused kernel image (initmem) memory: 3528K
Sep 23 13:37:19 PET kernel: Write protecting the kernel read-only data: 32768k
Sep 23 13:37:19 PET kernel: Freeing unused kernel image (text/rodata gap) memory: 2044K
Sep 23 13:37:19 PET kernel: Freeing unused kernel image (rodata/data gap) memory: 784K
Sep 23 13:37:19 PET kernel: x86/mm: Checked W+X mappings: passed, no W+X pages found.
Sep 23 13:37:19 PET kernel: Run /init as init process
Sep 23 13:37:19 PET kernel:   with arguments:
Sep 23 13:37:19 PET kernel:     /init
Sep 23 13:37:19 PET kernel:     splash
Sep 23 13:37:19 PET kernel:     splash
Sep 23 13:37:19 PET kernel:   with environment:
Sep 23 13:37:19 PET kernel:     HOME=/
Sep 23 13:37:19 PET kernel:     TERM=linux
Sep 23 13:37:19 PET kernel: device-mapper: ioctl: 4.50.0-ioctl (2025-04-28) initialised: dm-devel@lists.linux.dev
Sep 23 13:37:19 PET kernel: i8042: PNP: PS/2 Controller [PNP030b:PS2K] at 0x60,0x64 irq 1
Sep 23 13:37:19 PET kernel: i8042: PNP: PS/2 appears to have AUX port disabled, if this is incorrect please boot with i8042.nopnp
Sep 23 13:37:19 PET kernel: serio: i8042 KBD port at 0x60,0x64 irq 1
Sep 23 13:37:19 PET kernel: vmd 0000:00:0e.0: PCI host bridge to bus 10000:e0
Sep 23 13:37:19 PET kernel: pci_bus 10000:e0: root bus resource [bus e0-ff]
Sep 23 13:37:19 PET kernel: pci_bus 10000:e0: root bus resource [mem 0x76000000-0x77ffffff]
Sep 23 13:37:19 PET kernel: pci_bus 10000:e0: root bus resource [mem 0x682f102000-0x682f1fffff 64bit]
Sep 23 13:37:19 PET kernel: pci 10000:e0:06.0: [8086:464d] type 01 class 0x060400 PCIe Root Port
Sep 23 13:37:19 PET kernel: pci 10000:e0:06.0: PCI bridge to [bus e1]
Sep 23 13:37:19 PET kernel: pci 10000:e0:06.0:   bridge window [io  0x0000-0x0fff]
Sep 23 13:37:19 PET kernel: pci 10000:e0:06.0:   bridge window [mem 0x76000000-0x760fffff]
Sep 23 13:37:19 PET kernel: pci 10000:e0:06.0: PME# supported from D0 D3hot D3cold
Sep 23 13:37:19 PET kernel: pci 10000:e0:06.0: Adding to iommu group 9
Sep 23 13:37:19 PET kernel: pci 10000:e0:06.0: Primary bus is hard wired to 0
Sep 23 13:37:19 PET kernel: pci 10000:e1:00.0: [1344:5411] type 00 class 0x010802 PCIe Endpoint
Sep 23 13:37:19 PET kernel: pci 10000:e1:00.0: BAR 0 [mem 0x76000000-0x76003fff 64bit]
Sep 23 13:37:19 PET kernel: pci 10000:e1:00.0: Adding to iommu group 9
Sep 23 13:37:19 PET kernel: pci 10000:e0:06.0: PCI bridge to [bus e1]
Sep 23 13:37:19 PET kernel: pci 10000:e0:06.0: Primary bus is hard wired to 0
Sep 23 13:37:19 PET kernel: mmc_core: unknown parameter 'disable_uhs2' ignored
Sep 23 13:37:19 PET kernel: input: AT Translated Set 2 keyboard as /devices/platform/i8042/serio0/input/input0
Sep 23 13:37:19 PET kernel: ACPI: bus type thunderbolt registered
Sep 23 13:37:19 PET kernel: xhci_hcd 0000:00:0d.0: xHCI Host Controller
Sep 23 13:37:19 PET kernel: xhci_hcd 0000:00:0d.0: new USB bus registered, assigned bus number 1
Sep 23 13:37:19 PET kernel: xhci_hcd 0000:00:0d.0: hcc params 0x20007fc1 hci version 0x120 quirks 0x0000000200009810
Sep 23 13:37:19 PET kernel: xhci_hcd 0000:00:0d.0: xHCI Host Controller
Sep 23 13:37:19 PET kernel: xhci_hcd 0000:00:0d.0: new USB bus registered, assigned bus number 2
Sep 23 13:37:19 PET kernel: xhci_hcd 0000:00:0d.0: Host supports USB 3.2 Enhanced SuperSpeed
Sep 23 13:37:19 PET kernel: usb usb1: New USB device found, idVendor=1d6b, idProduct=0002, bcdDevice= 6.16
Sep 23 13:37:19 PET kernel: usb usb1: New USB device strings: Mfr=3, Product=2, SerialNumber=1
Sep 23 13:37:19 PET kernel: usb usb1: Product: xHCI Host Controller
Sep 23 13:37:19 PET kernel: usb usb1: Manufacturer: Linux 6.16.7 xhci-hcd
Sep 23 13:37:19 PET kernel: usb usb1: SerialNumber: 0000:00:0d.0
Sep 23 13:37:19 PET kernel: hub 1-0:1.0: USB hub found
Sep 23 13:37:19 PET kernel: hub 1-0:1.0: 1 port detected
Sep 23 13:37:19 PET kernel: usb usb2: New USB device found, idVendor=1d6b, idProduct=0003, bcdDevice= 6.16
Sep 23 13:37:19 PET kernel: usb usb2: New USB device strings: Mfr=3, Product=2, SerialNumber=1
Sep 23 13:37:19 PET kernel: usb usb2: Product: xHCI Host Controller
Sep 23 13:37:19 PET kernel: usb usb2: Manufacturer: Linux 6.16.7 xhci-hcd
Sep 23 13:37:19 PET kernel: usb usb2: SerialNumber: 0000:00:0d.0
Sep 23 13:37:19 PET kernel: hub 2-0:1.0: USB hub found
Sep 23 13:37:19 PET kernel: hub 2-0:1.0: 1 port detected
Sep 23 13:37:19 PET kernel: sdhci: Secure Digital Host Controller Interface driver
Sep 23 13:37:19 PET kernel: sdhci: Copyright(c) Pierre Ossman
Sep 23 13:37:19 PET kernel: xhci_hcd 0000:00:14.0: xHCI Host Controller
Sep 23 13:37:19 PET kernel: xhci_hcd 0000:00:14.0: new USB bus registered, assigned bus number 3
Sep 23 13:37:19 PET kernel: xhci_hcd 0000:00:14.0: hcc params 0x20007fc1 hci version 0x120 quirks 0x0000100200009810
Sep 23 13:37:19 PET kernel: xhci_hcd 0000:00:14.0: xHCI Host Controller
Sep 23 13:37:19 PET kernel: xhci_hcd 0000:00:14.0: new USB bus registered, assigned bus number 4
Sep 23 13:37:19 PET kernel: xhci_hcd 0000:00:14.0: Host supports USB 3.1 Enhanced SuperSpeed
Sep 23 13:37:19 PET kernel: usb usb3: New USB device found, idVendor=1d6b, idProduct=0002, bcdDevice= 6.16
Sep 23 13:37:19 PET kernel: usb usb3: New USB device strings: Mfr=3, Product=2, SerialNumber=1
Sep 23 13:37:19 PET kernel: usb usb3: Product: xHCI Host Controller
Sep 23 13:37:19 PET kernel: usb usb3: Manufacturer: Linux 6.16.7 xhci-hcd
Sep 23 13:37:19 PET kernel: usb usb3: SerialNumber: 0000:00:14.0
Sep 23 13:37:19 PET kernel: hub 3-0:1.0: USB hub found
Sep 23 13:37:19 PET kernel: hub 3-0:1.0: 12 ports detected
Sep 23 13:37:19 PET kernel: usb usb4: New USB device found, idVendor=1d6b, idProduct=0003, bcdDevice= 6.16
Sep 23 13:37:19 PET kernel: usb usb4: New USB device strings: Mfr=3, Product=2, SerialNumber=1
Sep 23 13:37:19 PET kernel: usb usb4: Product: xHCI Host Controller
Sep 23 13:37:19 PET kernel: usb usb4: Manufacturer: Linux 6.16.7 xhci-hcd
Sep 23 13:37:19 PET kernel: usb usb4: SerialNumber: 0000:00:14.0
Sep 23 13:37:19 PET kernel: hub 4-0:1.0: USB hub found
Sep 23 13:37:19 PET kernel: hub 4-0:1.0: 4 ports detected
Sep 23 13:37:19 PET kernel: sdhci-pci 0000:30:00.0: SDHCI controller found [17a0:9755] (rev 1)
Sep 23 13:37:19 PET kernel: mmc0: SDHCI controller on PCI [0000:30:00.0] using ADMA 64-bit
Sep 23 13:37:19 PET kernel: pci 10000:e0:06.0: bridge window [mem 0x76000000-0x760fffff]: assigned
Sep 23 13:37:19 PET kernel: pci 10000:e0:06.0: bridge window [io  size 0x1000]: can't assign; no space
Sep 23 13:37:19 PET kernel: pci 10000:e0:06.0: bridge window [io  size 0x1000]: failed to assign
Sep 23 13:37:19 PET kernel: pci 10000:e0:06.0: bridge window [io  size 0x1000]: can't assign; no space
Sep 23 13:37:19 PET kernel: pci 10000:e0:06.0: bridge window [io  size 0x1000]: failed to assign
Sep 23 13:37:19 PET kernel: pci 10000:e1:00.0: BAR 0 [mem 0x76000000-0x76003fff 64bit]: assigned
Sep 23 13:37:19 PET kernel: pci 10000:e0:06.0: PCI bridge to [bus e1]
Sep 23 13:37:19 PET kernel: pci 10000:e0:06.0:   bridge window [mem 0x76000000-0x760fffff]
Sep 23 13:37:19 PET kernel: pci 10000:e1:00.0: VMD: Default LTR value set by driver
Sep 23 13:37:19 PET kernel: pcieport 10000:e0:06.0: can't derive routing for PCI INT D
Sep 23 13:37:19 PET kernel: pcieport 10000:e0:06.0: PCI INT D: no GSI
Sep 23 13:37:19 PET kernel: pcieport 10000:e0:06.0: PME: Signaling with IRQ 177
Sep 23 13:37:19 PET kernel: vmd 0000:00:0e.0: Bound to PCI domain 10000
Sep 23 13:37:19 PET kernel: Key type psk registered
Sep 23 13:37:19 PET kernel: nvme nvme0: pci function 10000:e1:00.0
Sep 23 13:37:19 PET kernel: pcieport 10000:e0:06.0: can't derive routing for PCI INT A
Sep 23 13:37:19 PET kernel: nvme 10000:e1:00.0: PCI INT A: no GSI
Sep 23 13:37:19 PET kernel: usb 3-2: new full-speed USB device number 2 using xhci_hcd
Sep 23 13:37:19 PET kernel: nvme nvme0: allocated 64 MiB host memory buffer (16 segments).
Sep 23 13:37:19 PET kernel: nvme nvme0: 8/0/0 default/read/poll queues
Sep 23 13:37:19 PET kernel: usb 3-2: New USB device found, idVendor=046d, idProduct=c539, bcdDevice=39.06
Sep 23 13:37:19 PET kernel: usb 3-2: New USB device strings: Mfr=1, Product=2, SerialNumber=0
Sep 23 13:37:19 PET kernel: usb 3-2: Product: USB Receiver
Sep 23 13:37:19 PET kernel: usb 3-2: Manufacturer: Logitech
Sep 23 13:37:19 PET kernel:  nvme0n1: p1 p2 p3 p4 p5
Sep 23 13:37:19 PET kernel: hid: raw HID events driver (C) Jiri Kosina
Sep 23 13:37:19 PET kernel: usbcore: registered new interface driver usbhid
Sep 23 13:37:19 PET kernel: usbhid: USB HID core driver
Sep 23 13:37:19 PET kernel: input: Logitech USB Receiver as /devices/pci0000:00/0000:00:14.0/usb3/3-2/3-2:1.0/0003:046D:C539.0001/input/input1
Sep 23 13:37:19 PET kernel: hid-generic 0003:046D:C539.0001: input,hidraw0: USB HID v1.11 Keyboard [Logitech USB Receiver] on usb-0000:00:14.0-2/input0
Sep 23 13:37:19 PET kernel: input: Logitech USB Receiver Mouse as /devices/pci0000:00/0000:00:14.0/usb3/3-2/3-2:1.1/0003:046D:C539.0002/input/input2
Sep 23 13:37:19 PET kernel: input: Logitech USB Receiver Consumer Control as /devices/pci0000:00/0000:00:14.0/usb3/3-2/3-2:1.1/0003:046D:C539.0002/input/input3
Sep 23 13:37:19 PET kernel: usb 3-3: new high-speed USB device number 3 using xhci_hcd
Sep 23 13:37:19 PET kernel: input: Logitech USB Receiver System Control as /devices/pci0000:00/0000:00:14.0/usb3/3-2/3-2:1.1/0003:046D:C539.0002/input/input4
Sep 23 13:37:19 PET kernel: hid-generic 0003:046D:C539.0002: input,hiddev96,hidraw1: USB HID v1.11 Mouse [Logitech USB Receiver] on usb-0000:00:14.0-2/input1
Sep 23 13:37:19 PET kernel: hid-generic 0003:046D:C539.0003: hiddev97,hidraw2: USB HID v1.11 Device [Logitech USB Receiver] on usb-0000:00:14.0-2/input2
Sep 23 13:37:19 PET kernel: logitech-djreceiver 0003:046D:C539.0001: hidraw0: USB HID v1.11 Keyboard [Logitech USB Receiver] on usb-0000:00:14.0-2/input0
Sep 23 13:37:19 PET kernel: logitech-djreceiver 0003:046D:C539.0002: hiddev96,hidraw1: USB HID v1.11 Mouse [Logitech USB Receiver] on usb-0000:00:14.0-2/input1
Sep 23 13:37:19 PET kernel: usb 3-3: New USB device found, idVendor=0c45, idProduct=636d, bcdDevice= 1.00
Sep 23 13:37:19 PET kernel: usb 3-3: New USB device strings: Mfr=2, Product=1, SerialNumber=3
Sep 23 13:37:19 PET kernel: usb 3-3: Product: USB 2.0 Camera
Sep 23 13:37:19 PET kernel: usb 3-3: Manufacturer: Sonix Technology Co., Ltd.
Sep 23 13:37:19 PET kernel: usb 3-3: SerialNumber: SN0001
Sep 23 13:37:19 PET kernel: logitech-djreceiver 0003:046D:C539.0003: hiddev97,hidraw2: USB HID v1.11 Device [Logitech USB Receiver] on usb-0000:00:14.0-2/input2
Sep 23 13:37:19 PET kernel: logitech-djreceiver 0003:046D:C539.0003: device of type eQUAD Lightspeed 1 (0x0c) connected on slot 1
Sep 23 13:37:19 PET kernel: input: Logitech Wireless Mouse PID:4087 Keyboard as /devices/pci0000:00/0000:00:14.0/usb3/3-2/3-2:1.2/0003:046D:C539.0003/0003:046D:4087.0004/input/input6
Sep 23 13:37:19 PET kernel: input: Logitech Wireless Mouse PID:4087 Mouse as /devices/pci0000:00/0000:00:14.0/usb3/3-2/3-2:1.2/0003:046D:C539.0003/0003:046D:4087.0004/input/input7
Sep 23 13:37:19 PET kernel: hid-generic 0003:046D:4087.0004: input,hidraw3: USB HID v1.11 Keyboard [Logitech Wireless Mouse PID:4087] on usb-0000:00:14.0-2/input2:1
Sep 23 13:37:19 PET kernel: usb 3-6: new full-speed USB device number 4 using xhci_hcd
Sep 23 13:37:19 PET kernel: input: Logitech G903 LS as /devices/pci0000:00/0000:00:14.0/usb3/3-2/3-2:1.2/0003:046D:C539.0003/0003:046D:4087.0004/input/input11
Sep 23 13:37:19 PET kernel: logitech-hidpp-device 0003:046D:4087.0004: input,hidraw3: USB HID v1.11 Keyboard [Logitech G903 LS] on usb-0000:00:14.0-2/input2:1
Sep 23 13:37:19 PET stage-1-init: [Tue Sep 23 11:37:17 UTC 2025] checking /dev/disk/by-uuid/ae529dd2-890d-41ef-9493-1458c3bb7f00...
Sep 23 13:37:19 PET kernel: usb 3-6: New USB device found, idVendor=0b05, idProduct=1a30, bcdDevice= 0.02
Sep 23 13:37:19 PET kernel: usb 3-6: New USB device strings: Mfr=1, Product=2, SerialNumber=0
Sep 23 13:37:19 PET kernel: usb 3-6: Product: N-KEY Device
Sep 23 13:37:19 PET kernel: usb 3-6: Manufacturer: ASUSTeK Computer Inc.
Sep 23 13:37:19 PET stage-1-init: [Tue Sep 23 11:37:17 UTC 2025] fsck (busybox 1.36.1)
Sep 23 13:37:19 PET stage-1-init: [Tue Sep 23 11:37:17 UTC 2025] [fsck.ext4 (1) -- /mnt-root/] fsck.ext4 -a /dev/disk/by-uuid/ae529dd2-890d-41ef-9493-1458c3bb7f00
Sep 23 13:37:19 PET kernel: input: ASUSTeK Computer Inc. N-KEY Device as /devices/pci0000:00/0000:00:14.0/usb3/3-6/3-6:1.0/0003:0B05:1A30.0005/input/input12
Sep 23 13:37:19 PET kernel: input: ASUSTeK Computer Inc. N-KEY Device Consumer Control as /devices/pci0000:00/0000:00:14.0/usb3/3-6/3-6:1.0/0003:0B05:1A30.0005/input/input13
Sep 23 13:37:19 PET stage-1-init: [Tue Sep 23 11:37:17 UTC 2025] /dev/disk/by-uuid/ae529dd2-890d-41ef-9493-1458c3bb7f00: recovering journal
Sep 23 13:37:19 PET stage-1-init: [Tue Sep 23 11:37:17 UTC 2025] /dev/disk/by-uuid/ae529dd2-890d-41ef-9493-1458c3bb7f00: clean, 3114312/49684480 files, 128823184/198719488 blocks
Sep 23 13:37:19 PET kernel: input: ASUSTeK Computer Inc. N-KEY Device Wireless Radio Control as /devices/pci0000:00/0000:00:14.0/usb3/3-6/3-6:1.0/0003:0B05:1A30.0005/input/input14
Sep 23 13:37:19 PET kernel: input: ASUSTeK Computer Inc. N-KEY Device as /devices/pci0000:00/0000:00:14.0/usb3/3-6/3-6:1.0/0003:0B05:1A30.0005/input/input15
Sep 23 13:37:19 PET kernel: input: ASUSTeK Computer Inc. N-KEY Device as /devices/pci0000:00/0000:00:14.0/usb3/3-6/3-6:1.0/0003:0B05:1A30.0005/input/input16
Sep 23 13:37:19 PET kernel: hid-generic 0003:0B05:1A30.0005: input,hiddev98,hidraw4: USB HID v1.10 Device [ASUSTeK Computer Inc. N-KEY Device] on usb-0000:00:14.0-6/input0
Sep 23 13:37:19 PET kernel: hid-generic 0003:0B05:1A30.0006: hiddev99,hidraw5: USB HID v1.10 Device [ASUSTeK Computer Inc. N-KEY Device] on usb-0000:00:14.0-6/input1
Sep 23 13:37:19 PET kernel: input: ASUSTeK Computer Inc. N-KEY Device as /devices/pci0000:00/0000:00:14.0/usb3/3-6/3-6:1.2/0003:0B05:1A30.0007/input/input17
Sep 23 13:37:19 PET kernel: EXT4-fs (nvme0n1p2): mounted filesystem ae529dd2-890d-41ef-9493-1458c3bb7f00 r/w with ordered data mode. Quota mode: none.
Sep 23 13:37:19 PET kernel: hid-generic 0003:0B05:1A30.0007: input,hidraw6: USB HID v1.10 Keyboard [ASUSTeK Computer Inc. N-KEY Device] on usb-0000:00:14.0-6/input2
Sep 23 13:37:19 PET kernel: input: ASUSTeK Computer Inc. N-KEY Device Mouse as /devices/pci0000:00/0000:00:14.0/usb3/3-6/3-6:1.3/0003:0B05:1A30.0008/input/input18
Sep 23 13:37:19 PET kernel: input: ASUSTeK Computer Inc. N-KEY Device Touchpad as /devices/pci0000:00/0000:00:14.0/usb3/3-6/3-6:1.3/0003:0B05:1A30.0008/input/input19
Sep 23 13:37:19 PET kernel: hid-generic 0003:0B05:1A30.0008: input,hiddev100,hidraw7: USB HID v1.10 Mouse [ASUSTeK Computer Inc. N-KEY Device] on usb-0000:00:14.0-6/input3
Sep 23 13:37:19 PET kernel: usb 3-7: new full-speed USB device number 5 using xhci_hcd
Sep 23 13:37:19 PET kernel: usb 3-7: New USB device found, idVendor=04f3, idProduct=0c6e, bcdDevice= 6.01
Sep 23 13:37:19 PET kernel: usb 3-7: New USB device strings: Mfr=1, Product=2, SerialNumber=0
Sep 23 13:37:19 PET kernel: usb 3-7: Product: ELAN:Fingerprint
Sep 23 13:37:19 PET kernel: usb 3-7: Manufacturer: ELAN
Sep 23 13:37:19 PET kernel: EXT4-fs (nvme0n1p2): re-mounted ae529dd2-890d-41ef-9493-1458c3bb7f00.
Sep 23 13:37:19 PET unknown: booting system configuration /nix/store/xywn3hm2pazlzzf3rkn40p2w63ggqj2h-nixos-system-PET-25.11pre-git
Sep 23 13:37:19 PET stage-2-init: running activation script...
Sep 23 13:37:19 PET kernel: usb 3-8: new high-speed USB device number 6 using xhci_hcd
Sep 23 13:37:19 PET kernel: usb 3-8: New USB device found, idVendor=13d3, idProduct=5492, bcdDevice=21.52
Sep 23 13:37:19 PET kernel: usb 3-8: New USB device strings: Mfr=3, Product=1, SerialNumber=2
Sep 23 13:37:19 PET kernel: usb 3-8: Product: USB2.0 HD UVC WebCam
Sep 23 13:37:19 PET kernel: usb 3-8: Manufacturer: Azurewave
Sep 23 13:37:19 PET kernel: usb 3-8: SerialNumber: 0x0001
Sep 23 13:37:19 PET kernel: usb 3-9: new full-speed USB device number 7 using xhci_hcd
Sep 23 13:37:19 PET stage-2-init: setting up /etc...
Sep 23 13:37:19 PET kernel: usb 3-9: New USB device found, idVendor=0b05, idProduct=18c6, bcdDevice= 0.02
Sep 23 13:37:19 PET kernel: usb 3-9: New USB device strings: Mfr=1, Product=2, SerialNumber=0
Sep 23 13:37:19 PET kernel: usb 3-9: Product: N-KEY Device
Sep 23 13:37:19 PET kernel: usb 3-9: Manufacturer: ASUSTeK Computer Inc.
Sep 23 13:37:19 PET kernel: input: ASUSTeK Computer Inc. N-KEY Device as /devices/pci0000:00/0000:00:14.0/usb3/3-9/3-9:1.0/0003:0B05:18C6.0009/input/input20
Sep 23 13:37:19 PET kernel: hid-generic 0003:0B05:18C6.0009: input,hidraw8: USB HID v1.10 Keyboard [ASUSTeK Computer Inc. N-KEY Device] on usb-0000:00:14.0-9/input0
Sep 23 13:37:19 PET kernel: input: ASUSTeK Computer Inc. N-KEY Device as /devices/pci0000:00/0000:00:14.0/usb3/3-9/3-9:1.1/0003:0B05:18C6.000A/input/input21
Sep 23 13:37:19 PET kernel: hid-generic 0003:0B05:18C6.000A: input,hidraw9: USB HID v1.10 Mouse [ASUSTeK Computer Inc. N-KEY Device] on usb-0000:00:14.0-9/input1
Sep 23 13:37:19 PET kernel: input: ASUSTeK Computer Inc. N-KEY Device as /devices/pci0000:00/0000:00:14.0/usb3/3-9/3-9:1.2/0003:0B05:18C6.000B/input/input22
Sep 23 13:37:19 PET kernel: input: ASUSTeK Computer Inc. N-KEY Device Consumer Control as /devices/pci0000:00/0000:00:14.0/usb3/3-9/3-9:1.2/0003:0B05:18C6.000B/input/input23
Sep 23 13:37:19 PET kernel: input: ASUSTeK Computer Inc. N-KEY Device as /devices/pci0000:00/0000:00:14.0/usb3/3-9/3-9:1.2/0003:0B05:18C6.000B/input/input24
Sep 23 13:37:19 PET kernel: input: ASUSTeK Computer Inc. N-KEY Device as /devices/pci0000:00/0000:00:14.0/usb3/3-9/3-9:1.2/0003:0B05:18C6.000B/input/input25
Sep 23 13:37:19 PET kernel: hid-generic 0003:0B05:18C6.000B: input,hiddev101,hidraw10: USB HID v1.10 Device [ASUSTeK Computer Inc. N-KEY Device] on usb-0000:00:14.0-9/input2
Sep 23 13:37:19 PET kernel: usb 3-10: new full-speed USB device number 8 using xhci_hcd
Sep 23 13:37:19 PET kernel: usb 3-10: New USB device found, idVendor=8087, idProduct=0033, bcdDevice= 0.00
Sep 23 13:37:19 PET kernel: usb 3-10: New USB device strings: Mfr=0, Product=0, SerialNumber=0
Sep 23 13:37:19 PET systemd[1]: Inserted module 'autofs4'
Sep 23 13:37:19 PET systemd[1]: systemd 257.8 running in system mode (+PAM +AUDIT -SELINUX +APPARMOR +IMA +IPE +SMACK +SECCOMP +GCRYPT -GNUTLS +OPENSSL +ACL +BLKID +CURL +ELFUTILS +FIDO2 +IDN2 -IDN -IPTC +KMOD +LIBCRYPTSETUP +LIBCRYPTSETUP_PLUGINS +LIBFDISK +PCRE2 +PWQUALITY +P11KIT +QRENCODE +TPM2 +BZIP2 +LZ4 +XZ +ZLIB +ZSTD +BPF_FRAMEWORK -BTF -XKBCOMMON +UTMP -SYSVINIT +LIBARCHIVE)
Sep 23 13:37:19 PET systemd[1]: Detected architecture x86-64.
Sep 23 13:37:19 PET systemd[1]: Hostname set to <PET>.
Sep 23 13:37:19 PET systemd[1]: bpf-restrict-fs: LSM BPF program attached
Sep 23 13:37:19 PET systemd[1]: Queued start job for default target Graphical Interface.
Sep 23 13:37:19 PET systemd[1]: Created slice Virtual Machine and Container Slice.
Sep 23 13:37:19 PET systemd[1]: Created slice Slice /system/modprobe.
Sep 23 13:37:19 PET systemd[1]: Created slice Slice /system/systemd-fsck.
Sep 23 13:37:19 PET systemd[1]: Created slice User and Session Slice.
Sep 23 13:37:19 PET systemd[1]: Dispatch Password Requests to Console Directory Watch was skipped because of an unmet condition check (ConditionPathExists=!/run/plymouth/pid).
Sep 23 13:37:19 PET systemd[1]: Started Forward Password Requests to Plymouth Directory Watch.
Sep 23 13:37:19 PET systemd[1]: Started Forward Password Requests to Wall Directory Watch.
Sep 23 13:37:19 PET systemd[1]: Expecting device /dev/disk/by-uuid/9EB0-F02F...
Sep 23 13:37:19 PET systemd[1]: Expecting device /dev/tpmrm0...
Sep 23 13:37:19 PET systemd[1]: Reached target Local Encrypted Volumes.
Sep 23 13:37:19 PET systemd[1]: Reached target Login Prompts.
Sep 23 13:37:19 PET systemd[1]: Reached target Containers.
Sep 23 13:37:19 PET systemd[1]: Reached target Path Units.
Sep 23 13:37:19 PET systemd[1]: Reached target Remote File Systems.
Sep 23 13:37:19 PET systemd[1]: Reached target Slice Units.
Sep 23 13:37:19 PET systemd[1]: Reached target Swaps.
Sep 23 13:37:19 PET systemd[1]: Listening on Process Core Dump Socket.
Sep 23 13:37:19 PET systemd[1]: Listening on Credential Encryption/Decryption.
Sep 23 13:37:19 PET systemd[1]: Listening on Journal Audit Socket.
Sep 23 13:37:19 PET systemd[1]: Listening on Journal Socket (/dev/log).
Sep 23 13:37:19 PET systemd[1]: Listening on Journal Sockets.
Sep 23 13:37:19 PET systemd[1]: Listening on Userspace Out-Of-Memory (OOM) Killer Socket.
Sep 23 13:37:19 PET systemd[1]: Listening on udev Control Socket.
Sep 23 13:37:19 PET systemd[1]: Listening on udev Kernel Socket.
Sep 23 13:37:19 PET systemd[1]: Mounting Huge Pages File System...
Sep 23 13:37:19 PET systemd[1]: Mounting POSIX Message Queue File System...
Sep 23 13:37:19 PET systemd[1]: Mounting Kernel Debug File System...
Sep 23 13:37:19 PET systemd[1]: Mounting Kernel Trace File System...
Sep 23 13:37:19 PET systemd[1]: Starting Create List of Static Device Nodes...
Sep 23 13:37:19 PET systemd[1]: Starting Load Kernel Module configfs...
Sep 23 13:37:19 PET systemd[1]: Starting Load Kernel Module drm...
Sep 23 13:37:19 PET systemd[1]: Starting Load Kernel Module efi_pstore...
Sep 23 13:37:19 PET systemd[1]: Starting Load Kernel Module fuse...
Sep 23 13:37:19 PET systemd[1]: Started Forward Password Requests to Plymouth.
Sep 23 13:37:19 PET systemd[1]: File System Check on Root Device was skipped because of an unmet condition check (ConditionPathIsReadWrite=!/).
Sep 23 13:37:19 PET systemd[1]: Clear Stale Hibernate Storage Info was skipped because of an unmet condition check (ConditionPathExists=/sys/firmware/efi/efivars/HibernateLocation-8cf2644b-4b0b-428f-9387-6d876050dc67).
Sep 23 13:37:19 PET systemd[1]: Starting Journal Service...
Sep 23 13:37:19 PET kernel: pstore: Using crash dump compression: deflate
Sep 23 13:37:19 PET systemd[1]: Starting Load Kernel Modules...
Sep 23 13:37:19 PET systemd[1]: Starting Userspace Out-Of-Memory (OOM) Killer...
Sep 23 13:37:19 PET systemd[1]: Starting Remount Root and Kernel File Systems...
Sep 23 13:37:19 PET systemd[1]: Starting Coldplug All udev Devices...
Sep 23 13:37:19 PET systemd[1]: Mounted Huge Pages File System.
Sep 23 13:37:19 PET systemd[1]: Mounted POSIX Message Queue File System.
Sep 23 13:37:19 PET systemd[1]: Mounted Kernel Debug File System.
Sep 23 13:37:19 PET systemd[1]: Mounted Kernel Trace File System.
Sep 23 13:37:19 PET systemd[1]: Finished Create List of Static Device Nodes.
Sep 23 13:37:19 PET systemd[1]: modprobe@configfs.service: Deactivated successfully.
Sep 23 13:37:19 PET systemd[1]: Finished Load Kernel Module configfs.
Sep 23 13:37:19 PET systemd[1]: modprobe@drm.service: Deactivated successfully.
Sep 23 13:37:19 PET systemd[1]: Finished Load Kernel Module drm.
Sep 23 13:37:19 PET kernel: fuse: init (API version 7.44)
Sep 23 13:37:19 PET systemd[1]: modprobe@fuse.service: Deactivated successfully.
Sep 23 13:37:19 PET systemd[1]: Finished Load Kernel Module fuse.
Sep 23 13:37:19 PET systemd[1]: Mounting FUSE Control File System...
Sep 23 13:37:19 PET systemd[1]: Mounting Kernel Configuration File System...
Sep 23 13:37:19 PET systemd[1]: Starting Create Static Device Nodes in /dev gracefully...
Sep 23 13:37:19 PET kernel: pstore: Registered efi_pstore as persistent store backend
Sep 23 13:37:19 PET systemd[1]: modprobe@efi_pstore.service: Deactivated successfully.
Sep 23 13:37:19 PET systemd[1]: Finished Load Kernel Module efi_pstore.
Sep 23 13:37:19 PET systemd-journald[680]: Collecting audit messages is enabled.
Sep 23 13:37:19 PET systemd[1]: Mounted FUSE Control File System.
Sep 23 13:37:19 PET systemd[1]: Mounted Kernel Configuration File System.
Sep 23 13:37:19 PET kernel: EXT4-fs (nvme0n1p2): re-mounted ae529dd2-890d-41ef-9493-1458c3bb7f00.
Sep 23 13:37:19 PET systemd[1]: Finished Remount Root and Kernel File Systems.
Sep 23 13:37:19 PET systemd[1]: Platform Persistent Storage Archival was skipped because of an unmet condition check (ConditionDirectoryNotEmpty=/sys/fs/pstore).
Sep 23 13:37:19 PET systemd[1]: Starting Load/Save OS Random Seed...
Sep 23 13:37:19 PET systemd[1]: Starting Network Time Synchronization...
Sep 23 13:37:19 PET systemd-journald[680]: Journal started
Sep 23 13:37:19 PET systemd-journald[680]: Runtime Journal (/run/log/journal/aab8902586d34bd1b3eab7576e03e503) is 8M, max 392M, 384M free.
Sep 23 13:37:19 PET kernel: Bluetooth: Core ver 2.22
Sep 23 13:37:19 PET kernel: NET: Registered PF_BLUETOOTH protocol family
Sep 23 13:37:19 PET kernel: Bluetooth: HCI device and connection manager initialized
Sep 23 13:37:19 PET kernel: Bluetooth: HCI socket layer initialized
Sep 23 13:37:19 PET kernel: Bluetooth: L2CAP socket layer initialized
Sep 23 13:37:19 PET kernel: Bluetooth: SCO socket layer initialized
Sep 23 13:37:19 PET systemd-oomd[682]: No swap; memory pressure usage will be degraded
Sep 23 13:37:19 PET systemd[1]: Finished Create Static Device Nodes in /dev gracefully.
Sep 23 13:37:19 PET systemd[1]: Started Userspace Out-Of-Memory (OOM) Killer.
Sep 23 13:37:19 PET systemd[1]: Started Journal Service.
Sep 23 13:37:19 PET systemd-modules-load[681]: Inserted module 'btusb'
Sep 23 13:37:19 PET systemd-modules-load[681]: Module 'ctr' is built in
Sep 23 13:37:19 PET kernel: usbcore: registered new interface driver btusb
Sep 23 13:37:19 PET systemd[1]: Starting Flush Journal to Persistent Storage...
Sep 23 13:37:19 PET systemd[1]: Starting Create Static Device Nodes in /dev...
Sep 23 13:37:19 PET kernel: Bluetooth: hci0: Device revision is 0
Sep 23 13:37:19 PET kernel: Bluetooth: hci0: Secure boot is enabled
Sep 23 13:37:19 PET kernel: Bluetooth: hci0: OTP lock is enabled
Sep 23 13:37:19 PET kernel: Bluetooth: hci0: API lock is enabled
Sep 23 13:37:19 PET kernel: Bluetooth: hci0: Debug lock is disabled
Sep 23 13:37:19 PET kernel: Bluetooth: hci0: Minimum firmware build 1 week 10 2014
Sep 23 13:37:19 PET kernel: Bluetooth: hci0: Bootloader timestamp 2019.40 buildtype 1 build 38
Sep 23 13:37:19 PET kernel: Bluetooth: hci0: DSM reset method type: 0x00
Sep 23 13:37:19 PET systemd[1]: Finished Load/Save OS Random Seed.
Sep 23 13:37:19 PET systemd[1]: First Boot Complete was skipped because of an unmet condition check (ConditionFirstBoot=yes).
Sep 23 13:37:19 PET systemd-journald[680]: Time spent on flushing to /var/log/journal/aab8902586d34bd1b3eab7576e03e503 is 123.618ms for 984 entries.
Sep 23 13:37:19 PET systemd-journald[680]: System Journal (/var/log/journal/aab8902586d34bd1b3eab7576e03e503) is 1.8G, max 4G, 2.1G free.
Sep 23 13:37:19 PET systemd-journald[680]: Received client request to flush runtime journal.
Sep 23 13:37:19 PET kernel: input: ASUSTeK Computer Inc. N-KEY Device Mouse as /devices/pci0000:00/0000:00:14.0/usb3/3-6/3-6:1.3/0003:0B05:1A30.0008/input/input26
Sep 23 13:37:19 PET kernel: input: ASUSTeK Computer Inc. N-KEY Device Touchpad as /devices/pci0000:00/0000:00:14.0/usb3/3-6/3-6:1.3/0003:0B05:1A30.0008/input/input27
Sep 23 13:37:19 PET kernel: hid-multitouch 0003:0B05:1A30.0008: input,hiddev100,hidraw7: USB HID v1.10 Mouse [ASUSTeK Computer Inc. N-KEY Device] on usb-0000:00:14.0-6/input3
Sep 23 13:37:19 PET kernel: Bluetooth: hci0: Found device firmware: intel/ibt-0040-0041.sfi
Sep 23 13:37:19 PET kernel: Bluetooth: hci0: Boot Address: 0x100800
Sep 23 13:37:19 PET kernel: Bluetooth: hci0: Firmware Version: 133-20.25
Sep 23 13:37:19 PET kernel: hid_xpadneo: loading out-of-tree module taints kernel.
Sep 23 13:37:19 PET kernel: loaded hid-xpadneo 0.9.7
Sep 23 13:37:19 PET kernel: input: Lid Switch as /devices/LNXSYSTM:00/LNXSYBUS:00/PNP0A08:00/device:08/PNP0C09:01/PNP0C0D:01/input/input28
Sep 23 13:37:19 PET kernel: ACPI BIOS Error (bug): Could not resolve symbol [\CTDP], AE_NOT_FOUND (20250404/psargs-332)
Sep 23 13:37:19 PET kernel: ACPI Error: Aborting method \_SB.IETM.IDSP due to previous error (AE_NOT_FOUND) (20250404/psparse-529)
Sep 23 13:37:19 PET kernel: ACPI Warning: \_SB.IETM._TRT: Return Package has no elements (empty) (20250404/nsprepkg-94)
Sep 23 13:37:19 PET kernel: input: Intel HID events as /devices/platform/INT33D5:00/input/input29
Sep 23 13:37:19 PET kernel: ACPI BIOS Error (bug): Could not resolve symbol [\_SB.PC00.LPCB.EC0.SEN1._CRT.S1CT], AE_NOT_FOUND (20250404/psargs-332)
Sep 23 13:37:19 PET kernel: ACPI Error: Aborting method \_SB.PC00.LPCB.EC0.SEN1._CRT due to previous error (AE_NOT_FOUND) (20250404/psparse-529)
Sep 23 13:37:19 PET kernel: ACPI BIOS Error (bug): Could not resolve symbol [\_SB.PC00.LPCB.EC0.SEN1._HOT.S1HT], AE_NOT_FOUND (20250404/psargs-332)
Sep 23 13:37:19 PET kernel: ACPI Error: Aborting method \_SB.PC00.LPCB.EC0.SEN1._HOT due to previous error (AE_NOT_FOUND) (20250404/psparse-529)
Sep 23 13:37:19 PET kernel: ACPI BIOS Error (bug): Could not resolve symbol [\_SB.PC00.LPCB.EC0.SEN1._PSV.S1PT], AE_NOT_FOUND (20250404/psargs-332)
Sep 23 13:37:19 PET kernel: ACPI Error: Aborting method \_SB.PC00.LPCB.EC0.SEN1._PSV due to previous error (AE_NOT_FOUND) (20250404/psparse-529)
Sep 23 13:37:19 PET kernel: ACPI BIOS Error (bug): Could not resolve symbol [\_SB.PC00.LPCB.EC0.SEN1._AC0.S1AT], AE_NOT_FOUND (20250404/psargs-332)
Sep 23 13:37:19 PET kernel: ACPI Error: Aborting method \_SB.PC00.LPCB.EC0.SEN1._AC0 due to previous error (AE_NOT_FOUND) (20250404/psparse-529)
Sep 23 13:37:19 PET kernel: ACPI BIOS Error (bug): Could not resolve symbol [\_SB.PC00.LPCB.EC0.SEN2._CRT.S2CT], AE_NOT_FOUND (20250404/psargs-332)
Sep 23 13:37:19 PET kernel: ACPI Error: Aborting method \_SB.PC00.LPCB.EC0.SEN2._CRT due to previous error (AE_NOT_FOUND) (20250404/psparse-529)
Sep 23 13:37:19 PET kernel: ACPI BIOS Error (bug): Could not resolve symbol [\_SB.PC00.LPCB.EC0.SEN2._HOT.S2HT], AE_NOT_FOUND (20250404/psargs-332)
Sep 23 13:37:19 PET kernel: ACPI Error: Aborting method \_SB.PC00.LPCB.EC0.SEN2._HOT due to previous error (AE_NOT_FOUND) (20250404/psparse-529)
Sep 23 13:37:19 PET kernel: ACPI BIOS Error (bug): Could not resolve symbol [\_SB.PC00.LPCB.EC0.SEN2._PSV.S2PT], AE_NOT_FOUND (20250404/psargs-332)
Sep 23 13:37:19 PET kernel: ACPI Error: Aborting method \_SB.PC00.LPCB.EC0.SEN2._PSV due to previous error (AE_NOT_FOUND) (20250404/psparse-529)
Sep 23 13:37:19 PET kernel: ACPI BIOS Error (bug): Could not resolve symbol [\_SB.PC00.LPCB.EC0.SEN2._AC0.S2AT], AE_NOT_FOUND (20250404/psargs-332)
Sep 23 13:37:19 PET kernel: ACPI Error: Aborting method \_SB.PC00.LPCB.EC0.SEN2._AC0 due to previous error (AE_NOT_FOUND) (20250404/psparse-529)
Sep 23 13:37:19 PET kernel: ACPI: AC: AC Adapter [AC0] (off-line)
Sep 23 13:37:19 PET kernel: loop: module loaded
Sep 23 13:37:19 PET kernel: ACPI BIOS Error (bug): Could not resolve symbol [\_SB.PC00.LPCB.EC0.SEN3._CRT.S3CT], AE_NOT_FOUND (20250404/psargs-332)
Sep 23 13:37:19 PET kernel: ACPI Error: Aborting method \_SB.PC00.LPCB.EC0.SEN3._CRT due to previous error (AE_NOT_FOUND) (20250404/psparse-529)
Sep 23 13:37:19 PET kernel: ACPI BIOS Error (bug): Could not resolve symbol [\_SB.PC00.LPCB.EC0.SEN3._HOT.S3HT], AE_NOT_FOUND (20250404/psargs-332)
Sep 23 13:37:19 PET kernel: ACPI Error: Aborting method \_SB.PC00.LPCB.EC0.SEN3._HOT due to previous error (AE_NOT_FOUND) (20250404/psparse-529)
Sep 23 13:37:19 PET kernel: ACPI BIOS Error (bug): Could not resolve symbol [\_SB.PC00.LPCB.EC0.SEN3._PSV.S3PT], AE_NOT_FOUND (20250404/psargs-332)
Sep 23 13:37:19 PET kernel: ACPI Error: Aborting method \_SB.PC00.LPCB.EC0.SEN3._PSV due to previous error (AE_NOT_FOUND) (20250404/psparse-529)
Sep 23 13:37:19 PET kernel: ACPI BIOS Error (bug): Could not resolve symbol [\_SB.PC00.LPCB.EC0.SEN4._CRT.S4CT], AE_NOT_FOUND (20250404/psargs-332)
Sep 23 13:37:19 PET kernel: ACPI Error: Aborting method \_SB.PC00.LPCB.EC0.SEN4._CRT due to previous error (AE_NOT_FOUND) (20250404/psparse-529)
Sep 23 13:37:19 PET kernel: ACPI BIOS Error (bug): Could not resolve symbol [\_SB.PC00.LPCB.EC0.SEN4._HOT.S4HT], AE_NOT_FOUND (20250404/psargs-332)
Sep 23 13:37:19 PET kernel: ACPI Error: Aborting method \_SB.PC00.LPCB.EC0.SEN4._HOT due to previous error (AE_NOT_FOUND) (20250404/psparse-529)
Sep 23 13:37:19 PET kernel: ACPI BIOS Error (bug): Could not resolve symbol [\_SB.PC00.LPCB.EC0.SEN4._PSV.S4PT], AE_NOT_FOUND (20250404/psargs-332)
Sep 23 13:37:19 PET kernel: ACPI Error: Aborting method \_SB.PC00.LPCB.EC0.SEN4._PSV due to previous error (AE_NOT_FOUND) (20250404/psparse-529)
Sep 23 13:37:19 PET kernel: ACPI BIOS Error (bug): Could not resolve symbol [\_SB.PC00.LPCB.EC0.SEN4._AC0.S4AT], AE_NOT_FOUND (20250404/psargs-332)
Sep 23 13:37:19 PET kernel: ACPI Error: Aborting method \_SB.PC00.LPCB.EC0.SEN4._AC0 due to previous error (AE_NOT_FOUND) (20250404/psparse-529)
Sep 23 13:37:19 PET kernel: ACPI: battery: Slot [BAT0] (battery present)
Sep 23 13:37:19 PET kernel: EDAC MC: Ver: 3.0.0
Sep 23 13:37:19 PET kernel: intel_pmc_core INT33A1:00:  initialized
Sep 23 13:37:19 PET kernel: thermal LNXTHERM:00: registered as thermal_zone5
Sep 23 13:37:19 PET kernel: ACPI: thermal: Thermal Zone [THRM] (49 C)
Sep 23 13:37:19 PET kernel: asus_wmi: ASUS WMI generic driver loaded
Sep 23 13:37:19 PET kernel: resource: resource sanity check: requesting [mem 0x00000000fedc0000-0x00000000fedcffff], which spans more than pnp 00:02 [mem 0xfedc0000-0xfedc7fff]
Sep 23 13:37:19 PET kernel: caller igen6_probe+0x1a9/0x8c5 [igen6_edac] mapping multiple BARs
Sep 23 13:37:19 PET kernel: EDAC MC0: Giving out device to module igen6_edac controller Intel_client_SoC MC#0: DEV 0000:00:00.0 (INTERRUPT)
Sep 23 13:37:19 PET kernel: EDAC MC1: Giving out device to module igen6_edac controller Intel_client_SoC MC#1: DEV 0000:00:00.0 (INTERRUPT)
Sep 23 13:37:19 PET kernel: EDAC igen6: v2.5.1
Sep 23 13:37:19 PET kernel: mc: Linux media interface: v0.10
Sep 23 13:37:19 PET kernel: intel-lpss 0000:00:15.0: enabling device (0004 -> 0006)
Sep 23 13:37:19 PET kernel: idma64 idma64.0: Found Intel integrated DMA 64-bit
Sep 23 13:37:19 PET kernel: rtc_cmos rtc_cmos: RTC can wake from S4
Sep 23 13:37:19 PET kernel: rtc_cmos rtc_cmos: registered as rtc0
Sep 23 13:37:19 PET kernel: rtc_cmos rtc_cmos: setting system clock to 2025-09-23T11:37:19 UTC (1758627439)
Sep 23 13:37:19 PET kernel: rtc_cmos rtc_cmos: alarms up to one month, y3k, 114 bytes nvram
Sep 23 13:37:19 PET kernel: mei_me 0000:00:16.0: enabling device (0000 -> 0002)
Sep 23 13:37:19 PET kernel: i801_smbus 0000:00:1f.4: enabling device (0000 -> 0003)
Sep 23 13:37:19 PET kernel: RAPL PMU: API unit is 2^-32 Joules, 3 fixed counters, 655360 ms ovfl timer
Sep 23 13:37:19 PET kernel: RAPL PMU: hw unit of domain pp0-core 2^-14 Joules
Sep 23 13:37:19 PET kernel: RAPL PMU: hw unit of domain package 2^-14 Joules
Sep 23 13:37:19 PET kernel: RAPL PMU: hw unit of domain psys 2^-14 Joules
Sep 23 13:37:19 PET kernel: i801_smbus 0000:00:1f.4: SPD Write Disable is set
Sep 23 13:37:19 PET kernel: i801_smbus 0000:00:1f.4: SMBus using PCI interrupt
Sep 23 13:37:19 PET kernel: intel-lpss 0000:00:15.1: enabling device (0004 -> 0006)
Sep 23 13:37:19 PET kernel: idma64 idma64.1: Found Intel integrated DMA 64-bit
Sep 23 13:37:19 PET kernel: videodev: Linux video capture interface: v2.00
Sep 23 13:37:19 PET kernel: cfg80211: Loading compiled-in X.509 certificates for regulatory database
Sep 23 13:37:19 PET kernel: Loaded X.509 cert 'sforshee: 00b28ddf47aef9cea7'
Sep 23 13:37:19 PET kernel: Loaded X.509 cert 'wens: 61c038651aabdcf94bd0ac7ff06c7248db18c600'
Sep 23 13:37:19 PET mtp-probe[764]: checking bus 3, device 2: "/sys/devices/pci0000:00/0000:00:14.0/usb3/3-2"
Sep 23 13:37:19 PET systemd-modules-load[681]: Inserted module 'hid_multitouch'
Sep 23 13:37:19 PET mtp-probe[767]: checking bus 3, device 4: "/sys/devices/pci0000:00/0000:00:14.0/usb3/3-6"
Sep 23 13:37:19 PET systemd[1]: Finished Create Static Device Nodes in /dev.
Sep 23 13:37:19 PET mtp-probe[770]: checking bus 3, device 7: "/sys/devices/pci0000:00/0000:00:14.0/usb3/3-9"
Sep 23 13:37:19 PET systemd[1]: Reached target Preparation for Local File Systems.
Sep 23 13:37:19 PET mtp-probe[764]: bus: 3, device: 2 was not an MTP device
Sep 23 13:37:19 PET systemd[1]: Starting Rule-based Manager for Device Events and Files...
Sep 23 13:37:19 PET mtp-probe[767]: bus: 3, device: 4 was not an MTP device
Sep 23 13:37:19 PET systemd[1]: Finished Coldplug All udev Devices.
Sep 23 13:37:19 PET mtp-probe[770]: bus: 3, device: 7 was not an MTP device
Sep 23 13:37:19 PET systemd-modules-load[681]: Inserted module 'hid_xpadneo'
Sep 23 13:37:19 PET mtp-probe[797]: checking bus 3, device 3: "/sys/devices/pci0000:00/0000:00:14.0/usb3/3-3"
Sep 23 13:37:19 PET systemd-modules-load[681]: Inserted module 'i2c_hid'
Sep 23 13:37:19 PET mtp-probe[799]: checking bus 3, device 5: "/sys/devices/pci0000:00/0000:00:14.0/usb3/3-7"
Sep 23 13:37:19 PET systemd-timesyncd[719]: Disabling NSCD because DNSSEC validation is turned off
Sep 23 13:37:19 PET mtp-probe[797]: bus: 3, device: 3 was not an MTP device
Sep 23 13:37:19 PET systemd[1]: Started Network Time Synchronization.
Sep 23 13:37:19 PET mtp-probe[799]: bus: 3, device: 5 was not an MTP device
Sep 23 13:37:19 PET systemd[1]: Started Rule-based Manager for Device Events and Files.
Sep 23 13:37:19 PET mtp-probe[801]: checking bus 3, device 6: "/sys/devices/pci0000:00/0000:00:14.0/usb3/3-8"
Sep 23 13:37:19 PET systemd[1]: Dispatch Password Requests to Console Directory Watch was skipped because of an unmet condition check (ConditionPathExists=!/run/plymouth/pid).
Sep 23 13:37:19 PET mtp-probe[801]: bus: 3, device: 6 was not an MTP device
Sep 23 13:37:19 PET systemd[1]: Listening on Load/Save RF Kill Switch Status /dev/rfkill Watch.
Sep 23 13:37:19 PET systemd[1]: Starting Load Kernel Module efi_pstore...
Sep 23 13:37:19 PET systemd[1]: File System Check on Root Device was skipped because of an unmet condition check (ConditionPathIsReadWrite=!/).
Sep 23 13:37:19 PET systemd[1]: Clear Stale Hibernate Storage Info was skipped because of an unmet condition check (ConditionPathExists=/sys/firmware/efi/efivars/HibernateLocation-8cf2644b-4b0b-428f-9387-6d876050dc67).
Sep 23 13:37:19 PET systemd[1]: Starting Load/Save RF Kill Switch Status...
Sep 23 13:37:19 PET systemd[1]: modprobe@efi_pstore.service: Deactivated successfully.
Sep 23 13:37:19 PET systemd[1]: Finished Load Kernel Module efi_pstore.
Sep 23 13:37:19 PET systemd[1]: Platform Persistent Storage Archival was skipped because of an unmet condition check (ConditionDirectoryNotEmpty=/sys/fs/pstore).
Sep 23 13:37:19 PET systemd[1]: Started Load/Save RF Kill Switch Status.
Sep 23 13:37:19 PET systemd-modules-load[681]: Inserted module 'kvm_intel'
Sep 23 13:37:19 PET systemd-modules-load[681]: Inserted module 'loop'
Sep 23 13:37:19 PET systemd[1]: Found device Micron_2450_MTFDKBK1T0TFK EFI.
Sep 23 13:37:19 PET systemd[1]: Dispatch Password Requests to Console Directory Watch was skipped because of an unmet condition check (ConditionPathExists=!/run/plymouth/pid).
Sep 23 13:37:19 PET systemd[1]: Starting Load Kernel Module efi_pstore...
Sep 23 13:37:19 PET systemd[1]: File System Check on Root Device was skipped because of an unmet condition check (ConditionPathIsReadWrite=!/).
Sep 23 13:37:19 PET systemd[1]: Starting File System Check on /dev/disk/by-uuid/9EB0-F02F...
